../source/mwa_coordinator.c:90:6:main_task	16	static
../source/mwa_coordinator.c:118:6:App_init	8	static
../source/mwa_coordinator.c:156:6:AppThread	48	static
../source/mwa_coordinator.c:291:13:UartRxCallBack	32	static
../source/mwa_coordinator.c:310:16:App_StartCoordinator	40	static
../source/mwa_coordinator.c:411:16:App_SendAssociateResponse	32	static
../source/mwa_coordinator.c:484:16:App_HandleMlmeInput	16	static
../source/mwa_coordinator.c:512:13:App_HandleMcpsInput	48	static
../source/mwa_coordinator.c:596:16:App_WaitMsg	16	static
../source/mwa_coordinator.c:625:13:App_TransmitUartData	24	static
../source/mwa_coordinator.c:707:13:App_HandleKeys	16	static
../source/mwa_coordinator.c:739:14:MLME_NWK_SapHandler	16	static
../source/mwa_coordinator.c:747:14:MCPS_NWK_SapHandler	16	static
