../source/mwa_end_device.c:195:6:main_task	16	static
../source/mwa_end_device.c:252:6:App_Idle_Task	16	static
../source/mwa_end_device.c:304:6:App_init	8	static
../source/mwa_end_device.c:367:6:AppThread	48	static
../source/mwa_end_device.c:644:13:UartRxCallBack	32	static
../source/mwa_end_device.c:809:16:App_SendAssociateRequest	24	static
../source/mwa_end_device.c:872:16:App_HandleAssociateConfirm	16	static
../source/mwa_end_device.c:908:16:App_HandleMlmeInput	16	static
../source/mwa_end_device.c:966:13:App_HandleMcpsInput	16	static
../source/mwa_end_device.c:1004:16:App_WaitMsg	16	static
../source/mwa_end_device.c:1034:13:App_TransmitUartData	24	static
../source/mwa_end_device.c:1116:16:AppPollWaitTimeout	32	static
../source/mwa_end_device.c:1156:13:App_HandleKeys	16	static
../source/mwa_end_device.c:1196:14:MLME_NWK_SapHandler	16	static
../source/mwa_end_device.c:1204:14:MCPS_NWK_SapHandler	16	static
