../source/mwa_coordinator.c:147:6:main_task	16	static
../source/mwa_coordinator.c:186:6:App_init	8	static
../source/mwa_coordinator.c:224:6:AppThread	48	static
../source/mwa_coordinator.c:391:13:UartRxCallBack	32	static
../source/mwa_coordinator.c:577:16:App_StartCoordinator	40	static
../source/mwa_coordinator.c:680:16:App_SendAssociateResponse	32	static
../source/mwa_coordinator.c:753:16:App_HandleMlmeInput	16	static
../source/mwa_coordinator.c:781:13:App_HandleMcpsInput	16	static
../source/mwa_coordinator.c:815:16:App_WaitMsg	16	static
../source/mwa_coordinator.c:844:13:App_TransmitUartData	24	static
../source/mwa_coordinator.c:926:13:App_HandleKeys	16	static
../source/mwa_coordinator.c:958:14:MLME_NWK_SapHandler	16	static
../source/mwa_coordinator.c:966:14:MCPS_NWK_SapHandler	16	static
