Archive member included to satisfy reference by file (symbol)

C:/nxp/MCUXpressoIDE_11.10.0_3148/ide/plugins/com.nxp.mcuxpresso.tools.win32_11.10.0.202311280810/tools/bin/../lib/gcc/arm-none-eabi/13.2.1/thumb/v6-m/nofp\libm.a(libm_a-s_round.o)
                              ./framework/XCVR/MKW41Z4/fsl_xcvr.o (round)
C:/nxp/MCUXpressoIDE_11.10.0_3148/ide/plugins/com.nxp.mcuxpresso.tools.win32_11.10.0.202311280810/tools/bin/../lib/gcc/arm-none-eabi/13.2.1/thumb/v6-m/nofp\libm.a(libm_a-s_trunc.o)
                              ./framework/XCVR/MKW41Z4/fsl_xcvr.o (trunc)
C:/nxp/MCUXpressoIDE_11.10.0_3148/ide/plugins/com.nxp.mcuxpresso.tools.win32_11.10.0.202311280810/tools/bin/../lib/gcc/arm-none-eabi/13.2.1/thumb/v6-m/nofp\libm.a(libm_a-sf_round.o)
                              ./framework/XCVR/MKW41Z4/fsl_xcvr_trim.o (roundf)
C:/nxp/MCUXpressoIDE_11.10.0_3148/ide/plugins/com.nxp.mcuxpresso.tools.win32_11.10.0.202311280810/tools/bin/../lib/gcc/arm-none-eabi/13.2.1/thumb/v6-m/nofp\libc.a(libc_a-exit.o)
                              C:/nxp/MCUXpressoIDE_11.10.0_3148/ide/plugins/com.nxp.mcuxpresso.tools.win32_11.10.0.202311280810/tools/bin/../lib/gcc/arm-none-eabi/13.2.1/thumb/v6-m/nofp/crt0.o (exit)
C:/nxp/MCUXpressoIDE_11.10.0_3148/ide/plugins/com.nxp.mcuxpresso.tools.win32_11.10.0.202311280810/tools/bin/../lib/gcc/arm-none-eabi/13.2.1/thumb/v6-m/nofp\libc.a(libc_a-findfp.o)
                              C:/nxp/MCUXpressoIDE_11.10.0_3148/ide/plugins/com.nxp.mcuxpresso.tools.win32_11.10.0.202311280810/tools/bin/../lib/gcc/arm-none-eabi/13.2.1/thumb/v6-m/nofp\libc.a(libc_a-exit.o) (__stdio_exit_handler)
C:/nxp/MCUXpressoIDE_11.10.0_3148/ide/plugins/com.nxp.mcuxpresso.tools.win32_11.10.0.202311280810/tools/bin/../lib/gcc/arm-none-eabi/13.2.1/thumb/v6-m/nofp\libc.a(libc_a-fwalk.o)
                              C:/nxp/MCUXpressoIDE_11.10.0_3148/ide/plugins/com.nxp.mcuxpresso.tools.win32_11.10.0.202311280810/tools/bin/../lib/gcc/arm-none-eabi/13.2.1/thumb/v6-m/nofp\libc.a(libc_a-findfp.o) (_fwalk_sglue)
C:/nxp/MCUXpressoIDE_11.10.0_3148/ide/plugins/com.nxp.mcuxpresso.tools.win32_11.10.0.202311280810/tools/bin/../lib/gcc/arm-none-eabi/13.2.1/thumb/v6-m/nofp\libc.a(libc_a-stdio.o)
                              C:/nxp/MCUXpressoIDE_11.10.0_3148/ide/plugins/com.nxp.mcuxpresso.tools.win32_11.10.0.202311280810/tools/bin/../lib/gcc/arm-none-eabi/13.2.1/thumb/v6-m/nofp\libc.a(libc_a-findfp.o) (__sread)
C:/nxp/MCUXpressoIDE_11.10.0_3148/ide/plugins/com.nxp.mcuxpresso.tools.win32_11.10.0.202311280810/tools/bin/../lib/gcc/arm-none-eabi/13.2.1/thumb/v6-m/nofp\libc.a(libc_a-memset.o)
                              C:/nxp/MCUXpressoIDE_11.10.0_3148/ide/plugins/com.nxp.mcuxpresso.tools.win32_11.10.0.202311280810/tools/bin/../lib/gcc/arm-none-eabi/13.2.1/thumb/v6-m/nofp/crt0.o (memset)
C:/nxp/MCUXpressoIDE_11.10.0_3148/ide/plugins/com.nxp.mcuxpresso.tools.win32_11.10.0.202311280810/tools/bin/../lib/gcc/arm-none-eabi/13.2.1/thumb/v6-m/nofp\libc.a(libc_a-closer.o)
                              C:/nxp/MCUXpressoIDE_11.10.0_3148/ide/plugins/com.nxp.mcuxpresso.tools.win32_11.10.0.202311280810/tools/bin/../lib/gcc/arm-none-eabi/13.2.1/thumb/v6-m/nofp\libc.a(libc_a-stdio.o) (_close_r)
C:/nxp/MCUXpressoIDE_11.10.0_3148/ide/plugins/com.nxp.mcuxpresso.tools.win32_11.10.0.202311280810/tools/bin/../lib/gcc/arm-none-eabi/13.2.1/thumb/v6-m/nofp\libc.a(libc_a-reent.o)
                              C:/nxp/MCUXpressoIDE_11.10.0_3148/ide/plugins/com.nxp.mcuxpresso.tools.win32_11.10.0.202311280810/tools/bin/../lib/gcc/arm-none-eabi/13.2.1/thumb/v6-m/nofp\libc.a(libc_a-closer.o) (errno)
C:/nxp/MCUXpressoIDE_11.10.0_3148/ide/plugins/com.nxp.mcuxpresso.tools.win32_11.10.0.202311280810/tools/bin/../lib/gcc/arm-none-eabi/13.2.1/thumb/v6-m/nofp\libc.a(libc_a-impure.o)
                              C:/nxp/MCUXpressoIDE_11.10.0_3148/ide/plugins/com.nxp.mcuxpresso.tools.win32_11.10.0.202311280810/tools/bin/../lib/gcc/arm-none-eabi/13.2.1/thumb/v6-m/nofp\libc.a(libc_a-reent.o) (_impure_ptr)
C:/nxp/MCUXpressoIDE_11.10.0_3148/ide/plugins/com.nxp.mcuxpresso.tools.win32_11.10.0.202311280810/tools/bin/../lib/gcc/arm-none-eabi/13.2.1/thumb/v6-m/nofp\libc.a(libc_a-lseekr.o)
                              C:/nxp/MCUXpressoIDE_11.10.0_3148/ide/plugins/com.nxp.mcuxpresso.tools.win32_11.10.0.202311280810/tools/bin/../lib/gcc/arm-none-eabi/13.2.1/thumb/v6-m/nofp\libc.a(libc_a-stdio.o) (_lseek_r)
C:/nxp/MCUXpressoIDE_11.10.0_3148/ide/plugins/com.nxp.mcuxpresso.tools.win32_11.10.0.202311280810/tools/bin/../lib/gcc/arm-none-eabi/13.2.1/thumb/v6-m/nofp\libc.a(libc_a-readr.o)
                              C:/nxp/MCUXpressoIDE_11.10.0_3148/ide/plugins/com.nxp.mcuxpresso.tools.win32_11.10.0.202311280810/tools/bin/../lib/gcc/arm-none-eabi/13.2.1/thumb/v6-m/nofp\libc.a(libc_a-stdio.o) (_read_r)
C:/nxp/MCUXpressoIDE_11.10.0_3148/ide/plugins/com.nxp.mcuxpresso.tools.win32_11.10.0.202311280810/tools/bin/../lib/gcc/arm-none-eabi/13.2.1/thumb/v6-m/nofp\libc.a(libc_a-writer.o)
[...]
Memory Configuration

Name             Origin             Length             Attributes
TEXT_region1     0x00000000         0x00000400         xr
m_flash_config_region 0x00000400         0x00000010         xr
TEXT_region2     0x00000411         0x0007d3ee         xr
NVM_region       0x0007d800         0x00001fff         rw
DATA1_region     0x1fff8000         0x00008000         rw
DATA2_region     0x20000000         0x00018000         rw
PRODUCT_INFO_region 0x0007f800         0x000007ff         xr
*default*        0x00000000         0xffffffff

Linker script and memory map

LOAD C:/nxp/MCUXpressoIDE_11.10.0_3148/ide/plugins/com.nxp.mcuxpresso.tools.win32_11.10.0.202311280810/tools/bin/../lib/gcc/arm-none-eabi/13.2.1/thumb/v6-m/nofp/crti.o
LOAD C:/nxp/MCUXpressoIDE_11.10.0_3148/ide/plugins/com.nxp.mcuxpresso.tools.win32_11.10.0.202311280810/tools/bin/../lib/gcc/arm-none-eabi/13.2.1/thumb/v6-m/nofp/crtbegin.o
LOAD C:/nxp/MCUXpressoIDE_11.10.0_3148/ide/plugins/com.nxp.mcuxpresso.tools.win32_11.10.0.202311280810/tools/bin/../lib/gcc/arm-none-eabi/13.2.1/thumb/v6-m/nofp/crt0.o
LOAD ./utilities/fsl_debug_console.o
LOAD ./startup/startup_MKW41Z4.o
LOAD ./source/mtb.o
LOAD ./source/mwa_end_device.o
LOAD ./source/semihost_hardfault.o
LOAD ./ieee_802.15.4/phy/source/MKW41Z/ASP.o
LOAD ./ieee_802.15.4/phy/source/MKW41Z/MPM.o
LOAD ./ieee_802.15.4/phy/source/MKW41Z/PhyISR.o
LOAD ./ieee_802.15.4/phy/source/MKW41Z/PhyPacketProcessor.o
LOAD ./ieee_802.15.4/phy/source/MKW41Z/PhyPlmeData.o
LOAD ./ieee_802.15.4/phy/source/MKW41Z/PhyStateMachine.o
LOAD ./ieee_802.15.4/phy/source/MKW41Z/PhyTime.o
LOAD ./ieee_802.15.4/mac/source/App/FsciAspCommands.o
LOAD ./ieee_802.15.4/mac/source/App/FsciMacCommands.o
LOAD ./ieee_802.15.4/mac/source/App/MacGlobals.o
LOAD ./freertos/croutine.o
LOAD ./freertos/event_groups.o
LOAD ./freertos/fsl_tickless_lptmr.o
LOAD ./freertos/fsl_tickless_systick.o
LOAD ./freertos/heap_4.o
LOAD ./freertos/list.o
LOAD ./freertos/port.o
LOAD ./freertos/queue.o
LOAD ./freertos/tasks.o
LOAD ./freertos/timers.o
LOAD ./framework/XCVR/MKW41Z4/cfgs_kw4x_3x_2x/fsl_xcvr_ant_config.o
LOAD ./framework/XCVR/MKW41Z4/cfgs_kw4x_3x_2x/fsl_xcvr_ble_config.o
LOAD ./framework/XCVR/MKW41Z4/cfgs_kw4x_3x_2x/fsl_xcvr_common_config.o
LOAD ./framework/XCVR/MKW41Z4/cfgs_kw4x_3x_2x/fsl_xcvr_gfsk_bt_0p3_h_0p5_config.o
LOAD ./framework/XCVR/MKW41Z4/cfgs_kw4x_3x_2x/fsl_xcvr_gfsk_bt_0p5_h_0p32_config.o
LOAD ./framework/XCVR/MKW41Z4/cfgs_kw4x_3x_2x/fsl_xcvr_gfsk_bt_0p5_h_0p5_config.o
LOAD ./framework/XCVR/MKW41Z4/cfgs_kw4x_3x_2x/fsl_xcvr_gfsk_bt_0p5_h_0p7_config.o
LOAD ./framework/XCVR/MKW41Z4/cfgs_kw4x_3x_2x/fsl_xcvr_gfsk_bt_0p5_h_1p0_config.o
LOAD ./framework/XCVR/MKW41Z4/cfgs_kw4x_3x_2x/fsl_xcvr_gfsk_bt_0p7_h_0p5_config.o
LOAD ./framework/XCVR/MKW41Z4/cfgs_kw4x_3x_2x/fsl_xcvr_mode_datarate_config.o
LOAD ./framework/XCVR/MKW41Z4/cfgs_kw4x_3x_2x/fsl_xcvr_msk_config.o
LOAD ./framework/XCVR/MKW41Z4/cfgs_kw4x_3x_2x/fsl_xcvr_zgbe_config.o
LOAD ./framework/XCVR/MKW41Z4/dbg_ram_capture.o
LOAD ./framework/XCVR/MKW41Z4/fsl_xcvr.o
LOAD ./framework/XCVR/MKW41Z4/fsl_xcvr_trim.o
LOAD ./framework/XCVR/MKW41Z4/ifr_radio.o
LOAD ./framework/TimersManager/Source/TMR_Adapter.o
LOAD ./framework/TimersManager/Source/TimersManager.o
LOAD ./framework/SerialManager/Source/UART_Adapter/UART_Adapter.o
LOAD ./framework/SerialManager/Source/SPI_Adapter/SPI_Adapter.o
LOAD ./framework/SerialManager/Source/I2C_Adapter/I2C_Adapter.o
LOAD ./framework/SerialManager/Source/SerialManager.o
LOAD ./framework/SecLib/SecLib.o
LOAD ./framework/Reset/Reset.o
LOAD ./framework/RNG/Source/RNG.o
LOAD ./framework/Panic/Source/Panic.o
LOAD ./framework/OSAbstraction/Source/fsl_os_abstraction_free_rtos.o
LOAD ./framework/NVM/Source/NV_Flash.o
LOAD ./framework/NVM/Source/NV_FsciCommands.o
LOAD ./framework/ModuleInfo/ModuleInfo.o
LOAD ./framework/Messaging/Source/Messaging.o
LOAD ./framework/MemManager/Source/MemManager.o
LOAD ./framework/MWSCoexistence/Source/MWS.o
LOAD ./framework/LowPower/Source/MKW41Z/PWR.o
LOAD ./framework/LowPower/Source/MKW41Z/PWRLib.o
LOAD ./framework/Lists/GenericList.o
LOAD ./framework/LED/Source/LED.o
LOAD ./framework/Keyboard/Source/Keyboard.o
LOAD ./framework/GPIO/GPIO_Adapter.o
LOAD ./framework/FunctionLib/FunctionLib.o
LOAD ./framework/Flash/Internal/Flash_Adapter.o
LOAD ./framework/DCDC/Source/DCDC.o
LOAD ./drivers/fsl_adc16.o
LOAD ./drivers/fsl_clock.o
LOAD ./drivers/fsl_common.o
LOAD ./drivers/fsl_dspi.o
LOAD ./drivers/fsl_dspi_freertos.o
LOAD ./drivers/fsl_flash.o
LOAD ./drivers/fsl_gpio.o
LOAD ./drivers/fsl_i2c.o
LOAD ./drivers/fsl_i2c_freertos.o
LOAD ./drivers/fsl_llwu.o
LOAD ./drivers/fsl_lptmr.o
LOAD ./drivers/fsl_lpuart.o
LOAD ./drivers/fsl_lpuart_freertos.o
LOAD ./drivers/fsl_ltc.o
LOAD ./drivers/fsl_pmc.o
LOAD ./drivers/fsl_rtc.o
LOAD ./drivers/fsl_smc.o
LOAD ./drivers/fsl_tpm.o
LOAD ./drivers/fsl_trng.o
LOAD ./drivers/fsl_tsi_v4.o
LOAD ./board/board.o
LOAD ./board/clock_config.o
LOAD ./board/gpio_pins.o
LOAD ./board/pin_mux.o
LOAD ./CMSIS/system_MKW41Z4.o
LOAD C:/nxp/MCUXpressoIDE_11.10.0_3148/ide/plugins/com.nxp.mcuxpresso.tools.win32_11.10.0.202311280810/tools/bin/../lib/gcc/arm-none-eabi/13.2.1/thumb/v6-m/nofp\libm.a
LOAD C:/nxp/MCUXpressoIDE_11.10.0_3148/ide/plugins/com.nxp.mcuxpresso.tools.win32_11.10.0.202311280810/tools/bin/../lib/gcc/arm-none-eabi/13.2.1/thumb/v6-m/nofp\libc.a
LOAD C:/nxp/MCUXpressoIDE_11.10.0_3148/ide/plugins/com.nxp.mcuxpresso.tools.win32_11.10.0.202311280810/tools/bin/../lib/gcc/arm-none-eabi/13.2.1/thumb/v6-m/nofp\libgcc.a
LOAD C:/nxp/MCUXpressoIDE_11.10.0_3148/ide/plugins/com.nxp.mcuxpresso.tools.win32_11.10.0.202311280810/tools/bin/../lib/gcc/arm-none-eabi/13.2.1/thumb/v6-m/nofp\libnosys.a
LOAD C:\Users\Miriam\Documents\MCUXpressoIDE_11.10.0_3148\REDES\frdmkw41z_wireless_examples_ieee_802_15_4_mwa_end_device_freertos\libs\lib_crypto_m0.a
LOAD C:\Users\Miriam\Documents\MCUXpressoIDE_11.10.0_3148\REDES\frdmkw41z_wireless_examples_ieee_802_15_4_mwa_end_device_freertos\libs\lib802.15.4_mac_06_cm0.a
START GROUP
LOAD C:/nxp/MCUXpressoIDE_11.10.0_3148/ide/plugins/com.nxp.mcuxpresso.tools.win32_11.10.0.202311280810/tools/bin/../lib/gcc/arm-none-eabi/13.2.1/thumb/v6-m/nofp\libgcc.a
LOAD C:/nxp/MCUXpressoIDE_11.10.0_3148/ide/plugins/com.nxp.mcuxpresso.tools.win32_11.10.0.202311280810/tools/bin/../lib/gcc/arm-none-eabi/13.2.1/thumb/v6-m/nofp\libc.a
END GROUP
LOAD C:/nxp/MCUXpressoIDE_11.10.0_3148/ide/plugins/com.nxp.mcuxpresso.tools.win32_11.10.0.202311280810/tools/bin/../lib/gcc/arm-none-eabi/13.2.1/thumb/v6-m/nofp/crtend.o
LOAD C:/nxp/MCUXpressoIDE_11.10.0_3148/ide/plugins/com.nxp.mcuxpresso.tools.win32_11.10.0.202311280810/tools/bin/../lib/gcc/arm-none-eabi/13.2.1/thumb/v6-m/nofp/crtn.o
                0x00000001                        gUseNVMLink_d = DEFINED (gUseNVMLink_d)?gUseNVMLink_d:0x1
                0x00000004                        gNVMSectorCountLink_d = DEFINED (gNVMSectorCountLink_d)?gNVMSectorCountLink_d:0x4
                0x00000001                        __ram_vector_table__ = DEFINED (__ram_vector_table__)?__ram_vector_table__:0x1
                0x00000000                        __region_ROM_start__ = 0x0
                0x0007ffff                        __region_ROM_end__ = 0x7ffff
                0x1fff8000                        __region_RAM1_start__ = 0x1fff8000
                0x1fffffff                        __region_RAM1_end__ = 0x1fffffff
                0x20000000                        __region_RAM2_start__ = 0x20000000
                0x20017fff                        __region_RAM2_end__ = 0x20017fff
                0x000000c0                        __vector_table_size__ = 0xc0
                0x000000c0                        __ram_vector_table_size__ = DEFINED (__ram_vector_table__)?__vector_table_size__:0x0
                0x1fff8000                        _RAM_START_ = __region_RAM1_start__
                0x20017fff                        _RAM_END_ = __region_RAM2_end__
                0x00000000                        m_interrupts_start = __region_ROM_start__
                0x000000bf                        m_interrupts_end = ((m_interrupts_start + __vector_table_size__) - 0x1)
                0x00000400                        m_flash_config_start = 0x400
                0x00000410                        m_flash_config_end = 0x410
                0x00000800                        m_sector_size = 0x800
                0x00000200                        __size_cstack__ = DEFINED (__stack_size__)?__stack_size__:0x200
                0x00000000                        __size_heap__ = DEFINED (__heap_size__)?__heap_size__:0x0
                0x0007f800                        m_fsl_prodInfo_start = ((__region_ROM_end__ - m_sector_size) + 0x1)
                0x0007ffff                        m_fsl_prodInfo_end = __region_ROM_end__
                0x0007f800                        FREESCALE_PROD_DATA_BASE_ADDR = m_fsl_prodInfo_start
                0x00000800                        NV_STORAGE_SECTOR_SIZE = m_sector_size
                0x00000004                        NV_STORAGE_MAX_SECTORS = gNVMSectorCountLink_d
                0x0007f7ff                        NV_STORAGE_START_ADDRESS = (m_fsl_prodInfo_start - 0x1)
                0x0007d800                        NV_STORAGE_END_ADDRESS = ((NV_STORAGE_START_ADDRESS - (NV_STORAGE_MAX_SECTORS * NV_STORAGE_SECTOR_SIZE)) + 0x1)
                0x00000800                        NV_STORAGE_SECTOR_SIZE_C = m_sector_size
                0x00000004                        NV_STORAGE_MAX_SECTORS_C = gNVMSectorCountLink_d
                0x0007f7ff                        NV_STORAGE_START_ADDRESS_C = (m_fsl_prodInfo_start - 0x1)
                0x0007d800                        NV_STORAGE_END_ADDRESS_C = ((NV_STORAGE_START_ADDRESS_C - (NV_STORAGE_MAX_SECTORS_C * NV_STORAGE_SECTOR_SIZE_C)) + 0x1)
                0x00000000                        m_text_start = m_interrupts_start
                0x0007d7ff                        m_text_end = (NV_STORAGE_END_ADDRESS_C - 0x1)
                0x20000000                        m_interrupts_ram_start = __region_RAM2_start__
                0x200000bf                        m_interrupts_ram_end = ((m_interrupts_ram_start + __ram_vector_table_size__) - 0x1)
                0x20017fff                        __CSTACK_end__ = __region_RAM2_end__
                0x20017dff                        __CSTACK_start__ = (__CSTACK_end__ - __size_cstack__)
                0x20017dfe                        __HEAP_end__ = (__CSTACK_start__ - 0x1)
                0x20017dfa                        __HEAP_start__ = ((__HEAP_end__ - __size_heap__) - 0x4)
                0x1fff8000                        m_data1_start = __region_RAM1_start__
                0x1fffffff                        m_data1_end = __region_RAM1_end__
                0x20000000                        m_data2_start = m_interrupts_ram_start
                0x20017df9                        m_data2_end = (__HEAP_start__ - 0x1)
                0x000000c0                        __RAM_VECTOR_TABLE_SIZE = __ram_vector_table_size__
                0x20017dea                        __BOOT_STACK_ADDRESS = (m_data2_end - 0xf)

.interrupts     0x00000000       0xc0
                0x00000000                        __VECTOR_TABLE = .
                0x00000000                        . = ALIGN (0x4)
 *(SORT_BY_ALIGNMENT(.isr_vector))
 .isr_vector    0x00000000       0xc0 ./startup/startup_MKW41Z4.o
                0x00000000                __isr_vector
                0x000000c0                        . = ALIGN (0x4)

.freescale_prod_data
                0x0007f800        0x0
                0x0007f800                        . = ALIGN (0x4)
 *(SORT_BY_ALIGNMENT(.FREESCALE_PROD_DATA))
                0x0007f800                        . = ALIGN (0x4)

.flash_config   0x00000400       0x10
                0x00000400                        . = ALIGN (0x4)
 *(SORT_BY_ALIGNMENT(.FlashConfig))
 .FlashConfig   0x00000400       0x10 ./startup/startup_MKW41Z4.o
                0x00000410                        . = ALIGN (0x4)

.text           0x00000420    0x1d69c
                0x00000420                        . = ALIGN (0x4)
 *(SORT_BY_ALIGNMENT(.text))
 .text          0x00000420       0x80 C:/nxp/MCUXpressoIDE_11.10.0_3148/ide/plugins/com.nxp.mcuxpresso.tools.win32_11.10.0.202311280810/tools/bin/../lib/gcc/arm-none-eabi/13.2.1/thumb/v6-m/nofp/crt0.o
                0x00000420                _stack_init
                0x0000042c                _start
                0x0000042c                _mainCRTStartup
 .text          0x000004a0       0xc0 ./startup/startup_MKW41Z4.o
                0x000004a0                Reset_Handler
                0x000004e8                Radio_0_IRQHandler
                0x000004e8                DMA0_DriverIRQHandler
                0x000004e8                CMP0_IRQHandler
                0x000004e8                DMA2_DriverIRQHandler
                0x000004e8                TPM0_IRQHandler
                0x000004e8                Radio_1_IRQHandler
                0x000004e8                LLWU_IRQHandler
                0x000004e8                TSI0_IRQHandler
                0x000004e8                ADC0_IRQHandler
                0x000004e8                CMT_IRQHandler
                0x000004e8                LPTMR0_IRQHandler
                0x000004e8                DefaultISR
                0x000004e8                PORTB_PORTC_IRQHandler
                0x000004e8                TPM2_IRQHandler
                0x000004e8                RTC_IRQHandler
                0x000004e8                LVD_LVW_DCDC_IRQHandler
                0x000004e8                DMA3_DriverIRQHandler
                0x000004e8                RTC_Seconds_IRQHandler
                0x000004e8                MCG_IRQHandler
                0x000004e8                TRNG0_IRQHandler
                0x000004e8                Reserved20_IRQHandler
                0x000004e8                LTC0_IRQHandler
                0x000004e8                PIT_IRQHandler
                0x000004e8                DMA1_DriverIRQHandler
                0x000004e8                FTFA_IRQHandler
                0x000004e8                PORTA_IRQHandler
                0x000004e8                TPM1_IRQHandler
                0x000004e8                DAC0_IRQHandler
                0x00000500                DMA0_IRQHandler
                0x00000504                DMA1_IRQHandler
                0x00000508                DMA2_IRQHandler
                0x0000050c                DMA3_IRQHandler
                0x00000510                I2C0_IRQHandler
                0x00000514                I2C1_IRQHandler
                0x00000518                SPI0_IRQHandler
                0x0000051c                LPUART0_IRQHandler
                0x00000520                SPI1_IRQHandler
 .text          0x00000560      0x114 C:/nxp/MCUXpressoIDE_11.10.0_3148/ide/plugins/com.nxp.mcuxpresso.tools.win32_11.10.0.202311280810/tools/bin/../lib/gcc/arm-none-eabi/13.2.1/thumb/v6-m/nofp\libgcc.a(_udivsi3.o)
                0x00000560                __aeabi_uidiv
                0x00000560                __udivsi3
                0x0000066c                __aeabi_uidivmod
 .text          0x00000674      0x1d4 C:/nxp/MCUXpressoIDE_11.10.0_3148/ide/plugins/com.nxp.mcuxpresso.tools.win32_11.10.0.202311280810/tools/bin/../lib/gcc/arm-none-eabi/13.2.1/thumb/v6-m/nofp\libgcc.a(_divsi3.o)
                0x00000674                __divsi3
                0x00000674                __aeabi_idiv
                0x00000840                __aeabi_idivmod
 .text          0x00000848        0x4 C:/nxp/MCUXpressoIDE_11.10.0_3148/ide/plugins/com.nxp.mcuxpresso.tools.win32_11.10.0.202311280810/tools/bin/../lib/gcc/arm-none-eabi/13.2.1/thumb/v6-m/nofp\libgcc.a(_dvmd_tls.o)
                0x00000848                __aeabi_idiv0
                0x00000848                __aeabi_ldiv0
 .text          0x0000084c       0x74 C:/nxp/MCUXpressoIDE_11.10.0_3148/ide/plugins/com.nxp.mcuxpresso.tools.win32_11.10.0.202311280810/tools/bin/../lib/gcc/arm-none-eabi/13.2.1/thumb/v6-m/nofp\libgcc.a(_arm_cmpsf2.o)
                0x0000084c                __aeabi_cfrcmple
                0x00000854                __aeabi_cfcmpeq
                0x00000854                __aeabi_cfcmple
                0x00000864                __aeabi_fcmpeq
                0x00000870                __aeabi_fcmplt
                0x00000884                __aeabi_fcmple
                0x00000898                __aeabi_fcmpgt
                0x000008ac                __aeabi_fcmpge
 .text          0x000008c0       0x40 C:/nxp/MCUXpressoIDE_11.10.0_3148/ide/plugins/com.nxp.mcuxpresso.tools.win32_11.10.0.202311280810/tools/bin/../lib/gcc/arm-none-eabi/13.2.1/thumb/v6-m/nofp\libgcc.a(_aeabi_uldivmod.o)
                0x000008c0                __aeabi_uldivmod
 .text          0x00000900       0x3c C:/nxp/MCUXpressoIDE_11.10.0_3148/ide/plugins/com.nxp.mcuxpresso.tools.win32_11.10.0.202311280810/tools/bin/../lib/gcc/arm-none-eabi/13.2.1/thumb/v6-m/nofp\libgcc.a(_clzsi2.o)
                0x00000900                __clzsi2
 .text          0x0000093c       0x18 C:/nxp/MCUXpressoIDE_11.10.0_3148/ide/plugins/com.nxp.mcuxpresso.tools.win32_11.10.0.202311280810/tools/bin/../lib/gcc/arm-none-eabi/13.2.1/thumb/v6-m/nofp\libgcc.a(_clzdi2.o)
                0x0000093c                __clzdi2
 .text          0x00000954       0x38 C:\Users\Miriam\Documents\MCUXpressoIDE_11.10.0_3148\REDES\frdmkw41z_wireless_examples_ieee_802_15_4_mwa_end_device_freertos\libs\lib_crypto_m0.a(SW_RNG.o)
                0x00000954                SecLib_set_rng_seed
                0x00000964                SecLib_get_random
 .text          0x0000098c      0x530 C:\Users\Miriam\Documents\MCUXpressoIDE_11.10.0_3148\REDES\frdmkw41z_wireless_examples_ieee_802_15_4_mwa_end_device_freertos\libs\lib802.15.4_mac_06_cm0.a(MacMain.o)
                0x0000098c                BindToMAC
                0x000009b8                UnBindFromMAC
                0x000009d4                MAC_EventSet
                0x000009fe                Mac_Task
                0x00000af0                Mac_InitializeData
                0x00000b94                Mac_RegisterSapHandlers
                0x00000ba6                PD_MAC_SapHandler
                0x00000bc8                PLME_MAC_SapHandler
                0x00000bd0                NWK_MCPS_SapHandler
                0x00000c2c                NWK_MLME_SapHandler
                0x00000cd4                Mlme_VerifyNwkInput
                0x00000de0                Mac_GetState
                0x00000e48                Dumy_MCPS_NWK_SapHandler
                0x00000e4c                Dumy_MLME_NWK_SapHandler
                0x00000e56                Mac_SetTrxLowPowerMode
                0x00000e8a                Mac_SetTrxActiveMode
 .text          0x00000ebc      0xc88 C:\Users\Miriam\Documents\MCUXpressoIDE_11.10.0_3148\REDES\frdmkw41z_wireless_examples_ieee_802_15_4_mwa_end_device_freertos\libs\lib802.15.4_mac_06_cm0.a(MacPib.o)
                0x00000ebc                macInitPIBs
                0x000011c8                macVerifySetReq
                0x000012cc                mlmeGetSetReq
                0x00001854                mlmeGetSizeOfPIB
                0x000019a2                Mac_SetPhyPIBs
                0x00001ad2                Mac_SetExtendedAddress
                0x00001b00                Mac_GetExtendedAddress
 .text          0x00001b44      0x5a0 C:\Users\Miriam\Documents\MCUXpressoIDE_11.10.0_3148\REDES\frdmkw41z_wireless_examples_ieee_802_15_4_mwa_end_device_freertos\libs\lib802.15.4_mac_06_cm0.a(MacStateMachine.o)
                0x00001b44                Mac_TransactionExpire
                0x00001b50                Mac_PhyMsgHandler
                0x00001c10                Mac_NwkMsgHandler
                0x00001e44                Mac_McpsDataReqHandle
 .text          0x000020e4      0x290 C:\Users\Miriam\Documents\MCUXpressoIDE_11.10.0_3148\REDES\frdmkw41z_wireless_examples_ieee_802_15_4_mwa_end_device_freertos\libs\lib802.15.4_mac_06_cm0.a(Poll.o)
                0x000020e4                Poll_VerifyParameters
                0x00002122                Poll_InitSeq
                0x0000218a                Poll_SendStatus
                0x000021c4                Poll_DataRx
                0x00002280                Poll_SendConfirm
                0x00002318                Poll_Timeout
 .text          0x00002374       0xdc C:\Users\Miriam\Documents\MCUXpressoIDE_11.10.0_3148\REDES\frdmkw41z_wireless_examples_ieee_802_15_4_mwa_end_device_freertos\libs\lib802.15.4_mac_06_cm0.a(RxEnable.o)
                0x00002374                RxEnable_InitSeq
                0x000023ce                RxEnable_SetRx
                0x0000240e                RxEnable_Deactivate
 .text          0x00002450      0x670 C:\Users\Miriam\Documents\MCUXpressoIDE_11.10.0_3148\REDES\frdmkw41z_wireless_examples_ieee_802_15_4_mwa_end_device_freertos\libs\lib802.15.4_mac_06_cm0.a(Scan.o)
                0x00002450                Mac_ScanMsgHandler
                0x000024de                Scan_StartFastEDScan
                0x00002510                Scan_StartEDScan
                0x00002588                Scan_StartActivePassiveScan
                0x000025e2                Scan_StartOrphanScan
                0x00002612                Scan_Advance
                0x00002634                Scan_StartTimer
                0x00002660                Scan_FastEdAcquire
                0x000026b6                Scan_EdAcquire
                0x0000270a                Scan_ActivePassiveAcquire
                0x00002848                Scan_OrphanAcquire
 .text          0x00002ac0      0x1b6 C:\Users\Miriam\Documents\MCUXpressoIDE_11.10.0_3148\REDES\frdmkw41z_wireless_examples_ieee_802_15_4_mwa_end_device_freertos\libs\lib802.15.4_mac_06_cm0.a(Start.o)
                0x00002ac0                Start_VerifyParameters
                0x00002b80                Start_InitSeq
                0x00002bc6                Start_SetPIBs
                0x00002c26                CoordRealignment_SendStatus
                0x00002c4e                Start_SeqTerminate
 *fill*         0x00002c76        0x2 
 .text          0x00002c78      0x3c6 C:\Users\Miriam\Documents\MCUXpressoIDE_11.10.0_3148\REDES\frdmkw41z_wireless_examples_ieee_802_15_4_mwa_end_device_freertos\libs\lib802.15.4_mac_06_cm0.a(Association.o)
                0x00002c78                Association_VerifyParameters
                0x00002cc8                Association_InitSeq
                0x00002d2c                Association_TriggerPoll
                0x00002d66                AssociationPoll_SendStatus
                0x00002e00                AssociationPoll_DataRx
                0x00002f00                AssociationReq_SendStatus
                0x00002fbc                AssociationRes_VerifyParameters
                0x00002ff0                AssociationRes_SendStatus
 *fill*         0x0000303e        0x2 
 .text          0x00003040      0x710 C:\Users\Miriam\Documents\MCUXpressoIDE_11.10.0_3148\REDES\frdmkw41z_wireless_examples_ieee_802_15_4_mwa_end_device_freertos\libs\lib802.15.4_mac_06_cm0.a(DataRx.o)
                0x00003040                Mac_PreProcessDataIndication
                0x000030cc                Mac_ProcessDataIndication
                0x000032ec                Mac_ProcessBeaconFrame
                0x000034a0                Mac_CreateMcpsDataInd
                0x00003552                Mac_CreateMlmeCommStatusInd
                0x000035f4                Mac_CreateMlmeSyncLossInd
                0x0000364e                Mac_IsPanIdConflict
                0x000036ac                Mac_IsMyCoordinator
                0x000036fe                Mac_PostponeActiveSeq
 .text          0x00003750      0x5d8 C:\Users\Miriam\Documents\MCUXpressoIDE_11.10.0_3148\REDES\frdmkw41z_wireless_examples_ieee_802_15_4_mwa_end_device_freertos\libs\lib802.15.4_mac_06_cm0.a(DataTx.o)
                0x00003750                DataTx_VerifyParameters
                0x000037c6                DataTx_InitSeq
                0x000039b4                DataTx_SendData
                0x000039e8                DataTx_SendDataConfirm
                0x00003a82                DataTx_SendEmptyFrame
                0x00003abc                DataTx_SendStatus
                0x00003be8                DataTx_CheckForExpirePackets
                0x00003c74                Mac_GetRandomBackoff
                0x00003c94                DataTx_CsmaCaRetry
                0x00003cbc                DataTx_Backoff
                0x00003cce                DataTx_SendDataWithBackoff
                0x00003d1c                Mac_InitCsmaCaVariables
 .text          0x00003d28      0x10c C:\Users\Miriam\Documents\MCUXpressoIDE_11.10.0_3148\REDES\frdmkw41z_wireless_examples_ieee_802_15_4_mwa_end_device_freertos\libs\lib802.15.4_mac_06_cm0.a(Disassociation.o)
                0x00003d28                Disassociation_VerifyParameters
                0x00003db2                Disassociation_InitSeq
                0x00003df4                Disassociation_SendStatus
 .text          0x00003e34      0xca4 C:\Users\Miriam\Documents\MCUXpressoIDE_11.10.0_3148\REDES\frdmkw41z_wireless_examples_ieee_802_15_4_mwa_end_device_freertos\libs\lib802.15.4_mac_06_cm0.a(MacFrames.o)
                0x00003e34                FrameBuild_AssociationRequest
                0x00003e9c                FrameBuild_AssociationResponse
                0x00003f1c                FrameBuild_DisassociationNotification
                0x00003f8c                FrameBuild_DataRequest
                0x00004042                FrameBuild_PanIdConflictNotification
                0x00004074                FrameBuild_OrphanNotification
                0x000040a6                FrameBuild_BeaconRequest
                0x000040e4                FrameBuild_CoordinatorRealignment
                0x00004210                FrameBuild_Beacon
                0x000043d0                FrameBuild_Data
                0x00004658                FrameBuild_ZeroLengthPayload
                0x00004720                Mac_GetMacHeader
                0x00004804                Mac_GetMaxMsduLength
                0x00004834                Mac_GetOverheadSize
                0x00004880                FrameBuild_Command
                0x00004ad4                addrModeFieldLengthTable
 .text          0x00004ad8       0x4c C:\Users\Miriam\Documents\MCUXpressoIDE_11.10.0_3148\REDES\frdmkw41z_wireless_examples_ieee_802_15_4_mwa_end_device_freertos\libs\lib802.15.4_mac_06_cm0.a(MacMem.o)
                0x00004ad8                Mac_MemAllocZero
                0x00004af8                FrameAlloc
 .text          0x00004b24      0xa28 C:\Users\Miriam\Documents\MCUXpressoIDE_11.10.0_3148\REDES\frdmkw41z_wireless_examples_ieee_802_15_4_mwa_end_device_freertos\libs\lib802.15.4_mac_06_cm0.a(MacSec.o)
                0x00004b5c                Sec_DetermineASHLength
                0x00004b8c                keyIdModeToAshLengthTable
                0x00004cf2                Sec_CheckBeaconSecurityParameters
                0x00004db0                Sec_SecureTxFrame
                0x00004f68                Sec_CreateAuxSecHeader
                0x00004ff0                Sec_CheckRxSecLevel
                0x00004ff8                Sec_UnsecureRxFrame
 .text          0x0000554c       0xce C:\Users\Miriam\Documents\MCUXpressoIDE_11.10.0_3148\REDES\frdmkw41z_wireless_examples_ieee_802_15_4_mwa_end_device_freertos\libs\lib802.15.4_mac_06_cm0.a(Orphan.o)
                0x0000554c                Orphan_VerifyParameters
                0x00005584                Orphan_InitSeq
                0x000055c6                Orphan_SendStatus
 .text          0x0000561a      0x11c C:\Users\Miriam\Documents\MCUXpressoIDE_11.10.0_3148\REDES\frdmkw41z_wireless_examples_ieee_802_15_4_mwa_end_device_freertos\libs\lib802.15.4_mac_06_cm0.a(Reset.o)
                0x0000561a                mlmeResetReq
 .text          0x00005736       0xfa C:\Users\Miriam\Documents\MCUXpressoIDE_11.10.0_3148\REDES\frdmkw41z_wireless_examples_ieee_802_15_4_mwa_end_device_freertos\libs\lib802.15.4_mac_06_cm0.a(MacSequenceMngr.o)
                0x00005736                getFirstSequenceByChecksum
                0x00005750                getLastSequenceByChecksum
                0x00005770                getSequenceByDestination
                0x0000579a                getSequenceByMsduHandle
                0x000057ba                createNewSeq
                0x000057d0                getChecksum
                0x000057fc                getFreeIndex
 .text          0x00005830       0x68 C:\Users\Miriam\Documents\MCUXpressoIDE_11.10.0_3148\REDES\frdmkw41z_wireless_examples_ieee_802_15_4_mwa_end_device_freertos\libs\lib802.15.4_mac_06_cm0.a(SecurityLib.o)
                0x00005830                AES_128_CCM_Star
 *(SORT_BY_ALIGNMENT(.text*))
 *fill*         0x00005898        0x8 
 .text.vPortStartFirstTask
                0x000058a0       0x38 ./freertos/port.o
 *fill*         0x000058d8        0x8 
 .text.PendSV_Handler
                0x000058e0       0x48 ./freertos/port.o
                0x000058e0                PendSV_Handler
 .text.deregister_tm_clones
                0x00005928       0x20 C:/nxp/MCUXpressoIDE_11.10.0_3148/ide/plugins/com.nxp.mcuxpresso.tools.win32_11.10.0.202311280810/tools/bin/../lib/gcc/arm-none-eabi/13.2.1/thumb/v6-m/nofp/crtbegin.o
 .text.register_tm_clones
                0x00005948       0x28 C:/nxp/MCUXpressoIDE_11.10.0_3148/ide/plugins/com.nxp.mcuxpresso.tools.win32_11.10.0.202311280810/tools/bin/../lib/gcc/arm-none-eabi/13.2.1/thumb/v6-m/nofp/crtbegin.o
 .text.__do_global_dtors_aux
                0x00005970       0x2c C:/nxp/MCUXpressoIDE_11.10.0_3148/ide/plugins/com.nxp.mcuxpresso.tools.win32_11.10.0.202311280810/tools/bin/../lib/gcc/arm-none-eabi/13.2.1/thumb/v6-m/nofp/crtbegin.o
 .text.frame_dummy
                0x0000599c       0x24 C:/nxp/MCUXpressoIDE_11.10.0_3148/ide/plugins/com.nxp.mcuxpresso.tools.win32_11.10.0.202311280810/tools/bin/../lib/gcc/arm-none-eabi/13.2.1/thumb/v6-m/nofp/crtbegin.o
 .text.DbgConsole_Printf
                0x000059c0       0x44 ./utilities/fsl_debug_console.o
                0x000059c0                DbgConsole_Printf
 .text.DbgConsole_Putchar
                0x00005a04       0x34 ./utilities/fsl_debug_console.o
                0x00005a04                DbgConsole_Putchar
 .text.main_task
                0x00005a38       0xa8 ./source/mwa_end_device.o
                0x00005a38                main_task
 .text.App_Idle_Task
                0x00005ae0       0x24 ./source/mwa_end_device.o
                0x00005ae0                App_Idle_Task
 .text.App_init
                0x00005b04       0xf0 ./source/mwa_end_device.o
                0x00005b04                App_init
 .text.AppThread
                0x00005bf4      0x478 ./source/mwa_end_device.o
                0x00005bf4                AppThread
 .text.UartRxCallBack
                0x0000606c       0x64 ./source/mwa_end_device.o
 .text.App_SendAssociateRequest
                0x000060d0       0xe4 ./source/mwa_end_device.o
 .text.App_HandleAssociateConfirm
                0x000061b4       0x64 ./source/mwa_end_device.o
 .text.App_HandleMlmeInput
                0x00006218       0x6c ./source/mwa_end_device.o
 .text.App_HandleMcpsInput
                0x00006284       0x68 ./source/mwa_end_device.o
 .text.App_TransmitUartData
                0x000062ec      0x184 ./source/mwa_end_device.o
 .text.AppPollWaitTimeout
                0x00006470       0xac ./source/mwa_end_device.o
 .text.App_HandleKeys
                0x0000651c       0x5c ./source/mwa_end_device.o
 .text.MLME_NWK_SapHandler
                0x00006578       0x34 ./source/mwa_end_device.o
                0x00006578                MLME_NWK_SapHandler
 .text.MCPS_NWK_SapHandler
                0x000065ac       0x34 ./source/mwa_end_device.o
                0x000065ac                MCPS_NWK_SapHandler
 .text.HardFault_Handler
                0x000065e0       0x38 ./source/semihost_hardfault.o
                0x000065e0                HardFault_Handler
 .text.NVIC_EnableIRQ
                0x00006618       0x2c ./ieee_802.15.4/phy/source/MKW41Z/PhyISR.o
 .text.NVIC_SetPendingIRQ
                0x00006644       0x30 ./ieee_802.15.4/phy/source/MKW41Z/PhyISR.o
 .text.NVIC_ClearPendingIRQ
                0x00006674       0x30 ./ieee_802.15.4/phy/source/MKW41Z/PhyISR.o
 .text.NVIC_SetPriority
                0x000066a4       0xdc ./ieee_802.15.4/phy/source/MKW41Z/PhyISR.o
 .text.ProtectFromXcvrInterrupt
                0x00006780       0x3c ./ieee_802.15.4/phy/source/MKW41Z/PhyISR.o
                0x00006780                ProtectFromXcvrInterrupt
 .text.UnprotectFromXcvrInterrupt
                0x000067bc       0x44 ./ieee_802.15.4/phy/source/MKW41Z/PhyISR.o
                0x000067bc                UnprotectFromXcvrInterrupt
 .text.PhyIsrPassRxParams
                0x00006800       0x1c ./ieee_802.15.4/phy/source/MKW41Z/PhyISR.o
                0x00006800                PhyIsrPassRxParams
 .text.PhyIsrSeqCleanup
                0x0000681c       0x5c ./ieee_802.15.4/phy/source/MKW41Z/PhyISR.o
 .text.PhyIsrTimeoutCleanup
                0x00006878       0x60 ./ieee_802.15.4/phy/source/MKW41Z/PhyISR.o
 .text.Phy_GetEnergyLevel
                0x000068d8       0x58 ./ieee_802.15.4/phy/source/MKW41Z/PhyISR.o
                0x000068d8                Phy_GetEnergyLevel
 .text.PHY_InterruptHandler
                0x00006930      0x368 ./ieee_802.15.4/phy/source/MKW41Z/PhyISR.o
                0x00006930                PHY_InterruptHandler
 .text.PHY_InstallIsr
                0x00006c98       0x30 ./ieee_802.15.4/phy/source/MKW41Z/PhyISR.o
                0x00006c98                PHY_InstallIsr
 .text.Phy_GetRxParams
                0x00006cc8       0x74 ./ieee_802.15.4/phy/source/MKW41Z/PhyISR.o
 .text.PhyHwInit
                0x00006d3c      0x13c ./ieee_802.15.4/phy/source/MKW41Z/PhyPacketProcessor.o
                0x00006d3c                PhyHwInit
 .text.PhyAbort
                0x00006e78       0xb4 ./ieee_802.15.4/phy/source/MKW41Z/PhyPacketProcessor.o
                0x00006e78                PhyAbort
 .text.PhyPpGetState
                0x00006f2c       0x1c ./ieee_802.15.4/phy/source/MKW41Z/PhyPacketProcessor.o
                0x00006f2c                PhyPpGetState
 .text.PhyPpSetPanId
                0x00006f48       0x70 ./ieee_802.15.4/phy/source/MKW41Z/PhyPacketProcessor.o
                0x00006f48                PhyPpSetPanId
 .text.PhyPpSetShortAddr
                0x00006fb8       0x70 ./ieee_802.15.4/phy/source/MKW41Z/PhyPacketProcessor.o
                0x00006fb8                PhyPpSetShortAddr
 .text.PhyPpSetLongAddr
                0x00007028       0x60 ./ieee_802.15.4/phy/source/MKW41Z/PhyPacketProcessor.o
                0x00007028                PhyPpSetLongAddr
 .text.PhyPpSetMacRole
                0x00007088       0x90 ./ieee_802.15.4/phy/source/MKW41Z/PhyPacketProcessor.o
                0x00007088                PhyPpSetMacRole
 .text.PhyPpSetPromiscuous
                0x00007118       0x5c ./ieee_802.15.4/phy/source/MKW41Z/PhyPacketProcessor.o
                0x00007118                PhyPpSetPromiscuous
 .text.PhyPp_IndirectQueueInsert
                0x00007174       0x6c ./ieee_802.15.4/phy/source/MKW41Z/PhyPacketProcessor.o
                0x00007174                PhyPp_IndirectQueueInsert
 .text.PhyPp_RemoveFromIndirect
                0x000071e0       0x60 ./ieee_802.15.4/phy/source/MKW41Z/PhyPacketProcessor.o
                0x000071e0                PhyPp_RemoveFromIndirect
 .text.PhyPpIsTxAckDataPending
                0x00007240       0x4c ./ieee_802.15.4/phy/source/MKW41Z/PhyPacketProcessor.o
                0x00007240                PhyPpIsTxAckDataPending
 .text.PhyPlmeSetPwrState
                0x0000728c      0x128 ./ieee_802.15.4/phy/source/MKW41Z/PhyPacketProcessor.o
                0x0000728c                PhyPlmeSetPwrState
 .text.PhyPdDataRequest
                0x000073b4      0x1b0 ./ieee_802.15.4/phy/source/MKW41Z/PhyPlmeData.o
                0x000073b4                PhyPdDataRequest
 .text.PhyPlmeRxRequest
                0x00007564      0x16c ./ieee_802.15.4/phy/source/MKW41Z/PhyPlmeData.o
                0x00007564                PhyPlmeRxRequest
 .text.PhyPlmeCcaEdRequest
                0x000076d0      0x11c ./ieee_802.15.4/phy/source/MKW41Z/PhyPlmeData.o
                0x000076d0                PhyPlmeCcaEdRequest
 .text.PhyPlmeSetCurrentChannelRequest
                0x000077ec       0x8c ./ieee_802.15.4/phy/source/MKW41Z/PhyPlmeData.o
                0x000077ec                PhyPlmeSetCurrentChannelRequest
 .text.PhyPlmeGetCurrentChannelRequest
                0x00007878       0x3c ./ieee_802.15.4/phy/source/MKW41Z/PhyPlmeData.o
                0x00007878                PhyPlmeGetCurrentChannelRequest
 .text.PhyPlmeSetPwrLevelRequest
                0x000078b4       0x7c ./ieee_802.15.4/phy/source/MKW41Z/PhyPlmeData.o
                0x000078b4                PhyPlmeSetPwrLevelRequest
 .text.PhyPlmeGetPwrLevelRequest
                0x00007930       0x34 ./ieee_802.15.4/phy/source/MKW41Z/PhyPlmeData.o
                0x00007930                PhyPlmeGetPwrLevelRequest
 .text.PhyPlmeSetPIBRequest
                0x00007964      0x1d0 ./ieee_802.15.4/phy/source/MKW41Z/PhyPlmeData.o
                0x00007964                PhyPlmeSetPIBRequest
 .text.PhyPlmeGetPIBRequest
                0x00007b34      0x3c0 ./ieee_802.15.4/phy/source/MKW41Z/PhyPlmeData.o
                0x00007b34                PhyPlmeGetPIBRequest
 .text.PhyRxRetry
                0x00007ef4       0x74 ./ieee_802.15.4/phy/source/MKW41Z/PhyPlmeData.o
 .text.Phy_Init
                0x00007f68       0x40 ./ieee_802.15.4/phy/source/MKW41Z/PhyStateMachine.o
                0x00007f68                Phy_Init
 .text.Phy_RegisterSapHandlers
                0x00007fa8       0x24 ./ieee_802.15.4/phy/source/MKW41Z/PhyStateMachine.o
                0x00007fa8                Phy_RegisterSapHandlers
 .text.Phy24Task
                0x00007fcc      0x25c ./ieee_802.15.4/phy/source/MKW41Z/PhyStateMachine.o
 .text.MAC_PD_SapHandler
                0x00008228       0xb0 ./ieee_802.15.4/phy/source/MKW41Z/PhyStateMachine.o
                0x00008228                MAC_PD_SapHandler
 .text.MAC_PLME_SapHandler
                0x000082d8      0x194 ./ieee_802.15.4/phy/source/MKW41Z/PhyStateMachine.o
                0x000082d8                MAC_PLME_SapHandler
 .text.Phy_HandlePdDataReq
                0x0000846c      0x188 ./ieee_802.15.4/phy/source/MKW41Z/PhyStateMachine.o
 .text.Phy_EnterIdle
                0x000085f4       0x88 ./ieee_802.15.4/phy/source/MKW41Z/PhyStateMachine.o
 .text.PhyPlmeSetFrameWaitTime
                0x0000867c       0x1c ./ieee_802.15.4/phy/source/MKW41Z/PhyStateMachine.o
                0x0000867c                PhyPlmeSetFrameWaitTime
 .text.PhyPlmeSetRxOnWhenIdle
                0x00008698       0x88 ./ieee_802.15.4/phy/source/MKW41Z/PhyStateMachine.o
                0x00008698                PhyPlmeSetRxOnWhenIdle
 .text.PhyIsIdleRx
                0x00008720       0x4c ./ieee_802.15.4/phy/source/MKW41Z/PhyStateMachine.o
                0x00008720                PhyIsIdleRx
 .text.Radio_Phy_PdDataConfirm
                0x0000876c       0x94 ./ieee_802.15.4/phy/source/MKW41Z/PhyStateMachine.o
                0x0000876c                Radio_Phy_PdDataConfirm
 .text.Radio_Phy_PdDataIndication
                0x00008800       0x24 ./ieee_802.15.4/phy/source/MKW41Z/PhyStateMachine.o
                0x00008800                Radio_Phy_PdDataIndication
 .text.Radio_Phy_PlmeCcaConfirm
                0x00008824       0x34 ./ieee_802.15.4/phy/source/MKW41Z/PhyStateMachine.o
                0x00008824                Radio_Phy_PlmeCcaConfirm
 .text.Radio_Phy_PlmeEdConfirm
                0x00008858       0x34 ./ieee_802.15.4/phy/source/MKW41Z/PhyStateMachine.o
                0x00008858                Radio_Phy_PlmeEdConfirm
 .text.Radio_Phy_TimeRxTimeoutIndication
                0x0000888c       0x30 ./ieee_802.15.4/phy/source/MKW41Z/PhyStateMachine.o
                0x0000888c                Radio_Phy_TimeRxTimeoutIndication
 .text.Radio_Phy_PlmeRxWatermark
                0x000088bc       0xb8 ./ieee_802.15.4/phy/source/MKW41Z/PhyStateMachine.o
                0x000088bc                Radio_Phy_PlmeRxWatermark
 .text.Radio_Phy_PlmeFilterFailRx
                0x00008974       0x54 ./ieee_802.15.4/phy/source/MKW41Z/PhyStateMachine.o
                0x00008974                Radio_Phy_PlmeFilterFailRx
 .text.PLME_SendMessage
                0x000089c8       0xd4 ./ieee_802.15.4/phy/source/MKW41Z/PhyStateMachine.o
 .text.PD_SendMessage
                0x00008a9c      0x268 ./ieee_802.15.4/phy/source/MKW41Z/PhyStateMachine.o
 .text.Phy_SendLatePLME
                0x00008d04       0x24 ./ieee_802.15.4/phy/source/MKW41Z/PhyStateMachine.o
 .text.Phy_SendLatePD
                0x00008d28       0x24 ./ieee_802.15.4/phy/source/MKW41Z/PhyStateMachine.o
 .text.Radio_Phy_Notify
                0x00008d4c       0x18 ./ieee_802.15.4/phy/source/MKW41Z/PhyStateMachine.o
                0x00008d4c                Radio_Phy_Notify
 .text.PhyTimeSetEventTrigger
                0x00008d64       0x68 ./ieee_802.15.4/phy/source/MKW41Z/PhyTime.o
                0x00008d64                PhyTimeSetEventTrigger
 .text.PhyTimeDisableEventTrigger
                0x00008dcc       0x5c ./ieee_802.15.4/phy/source/MKW41Z/PhyTime.o
                0x00008dcc                PhyTimeDisableEventTrigger
 .text.PhyTimeSetEventTimeout
                0x00008e28       0x74 ./ieee_802.15.4/phy/source/MKW41Z/PhyTime.o
                0x00008e28                PhyTimeSetEventTimeout
 .text.PhyTimeGetEventTimeout
                0x00008e9c       0x20 ./ieee_802.15.4/phy/source/MKW41Z/PhyTime.o
                0x00008e9c                PhyTimeGetEventTimeout
 .text.PhyTimeDisableEventTimeout
                0x00008ebc       0x60 ./ieee_802.15.4/phy/source/MKW41Z/PhyTime.o
                0x00008ebc                PhyTimeDisableEventTimeout
 .text.PhyTimeReadClock
                0x00008f1c       0x28 ./ieee_802.15.4/phy/source/MKW41Z/PhyTime.o
                0x00008f1c                PhyTimeReadClock
 .text.PhyTimeSetWaitTimeout
                0x00008f44       0x6c ./ieee_802.15.4/phy/source/MKW41Z/PhyTime.o
                0x00008f44                PhyTimeSetWaitTimeout
 .text.PhyTimeDisableWaitTimeout
                0x00008fb0       0x50 ./ieee_802.15.4/phy/source/MKW41Z/PhyTime.o
                0x00008fb0                PhyTimeDisableWaitTimeout
 .text.PhyTime_ISR
                0x00009000       0x54 ./ieee_802.15.4/phy/source/MKW41Z/PhyTime.o
                0x00009000                PhyTime_ISR
 .text.PhyTime_TimerInit
                0x00009054       0x90 ./ieee_802.15.4/phy/source/MKW41Z/PhyTime.o
                0x00009054                PhyTime_TimerInit
 .text.PhyTime_GetTimestamp
                0x000090e4       0x80 ./ieee_802.15.4/phy/source/MKW41Z/PhyTime.o
                0x000090e4                PhyTime_GetTimestamp
 .text.PhyTime_ScheduleEvent
                0x00009164       0xe8 ./ieee_802.15.4/phy/source/MKW41Z/PhyTime.o
                0x00009164                PhyTime_ScheduleEvent
 .text.PhyTime_CancelEvent
                0x0000924c       0xa4 ./ieee_802.15.4/phy/source/MKW41Z/PhyTime.o
                0x0000924c                PhyTime_CancelEvent
 .text.PhyTime_CancelEventsWithParam
                0x000092f0       0xac ./ieee_802.15.4/phy/source/MKW41Z/PhyTime.o
                0x000092f0                PhyTime_CancelEventsWithParam
 .text.PhyTime_RunCallback
                0x0000939c       0x70 ./ieee_802.15.4/phy/source/MKW41Z/PhyTime.o
                0x0000939c                PhyTime_RunCallback
 .text.PhyTime_Maintenance
                0x0000940c       0xa8 ./ieee_802.15.4/phy/source/MKW41Z/PhyTime.o
                0x0000940c                PhyTime_Maintenance
 .text.PhyTime_OverflowCB
                0x000094b4       0x50 ./ieee_802.15.4/phy/source/MKW41Z/PhyTime.o
 .text.PhyTime_GetNextEvent
                0x00009504       0x74 ./ieee_802.15.4/phy/source/MKW41Z/PhyTime.o
 .text.MAC_Init
                0x00009578       0x68 ./ieee_802.15.4/mac/source/App/MacGlobals.o
                0x00009578                MAC_Init
 .text.xEventGroupSetBitsFromISR
                0x000095e0       0x2c ./freertos/event_groups.o
                0x000095e0                xEventGroupSetBitsFromISR
 .text.prvSetupTimerInterrupt
                0x0000960c       0x40 ./freertos/fsl_tickless_lptmr.o
                0x0000960c                prvSetupTimerInterrupt
 .text.pvPortMalloc
                0x0000964c      0x150 ./freertos/heap_4.o
                0x0000964c                pvPortMalloc
 .text.vPortFree
                0x0000979c       0x94 ./freertos/heap_4.o
                0x0000979c                vPortFree
 .text.prvHeapInit
                0x00009830       0xc0 ./freertos/heap_4.o
 .text.prvInsertBlockIntoFreeList
                0x000098f0       0xb0 ./freertos/heap_4.o
 .text.pxPortInitialiseStack
                0x000099a0       0x54 ./freertos/port.o
                0x000099a0                pxPortInitialiseStack
 .text.prvTaskExitError
                0x000099f4       0x1c ./freertos/port.o
 .text.xPortStartScheduler
                0x00009a10       0x44 ./freertos/port.o
                0x00009a10                xPortStartScheduler
 .text.vPortYield
                0x00009a54       0x20 ./freertos/port.o
                0x00009a54                vPortYield
 .text.vPortEnterCritical
                0x00009a74       0x24 ./freertos/port.o
                0x00009a74                vPortEnterCritical
 .text.vPortExitCritical
                0x00009a98       0x30 ./freertos/port.o
                0x00009a98                vPortExitCritical
 .text.SysTick_Handler
                0x00009ac8       0x34 ./freertos/port.o
                0x00009ac8                SysTick_Handler
 .text.vQueueAddToRegistry
                0x00009afc       0x50 ./freertos/queue.o
                0x00009afc                vQueueAddToRegistry
 .text.prvInitialiseNewTask
                0x00009b4c      0x12c ./freertos/tasks.o
 .text.prvAddNewTaskToReadyList
                0x00009c78       0xd0 ./freertos/tasks.o
 .text.vTaskStartScheduler
                0x00009d48       0x7c ./freertos/tasks.o
                0x00009d48                vTaskStartScheduler
 .text.vTaskSuspendAll
                0x00009dc4       0x18 ./freertos/tasks.o
                0x00009dc4                vTaskSuspendAll
 .text.xTaskResumeAll
                0x00009ddc      0x118 ./freertos/tasks.o
                0x00009ddc                xTaskResumeAll
 .text.xTaskGetTickCount
                0x00009ef4       0x1c ./freertos/tasks.o
                0x00009ef4                xTaskGetTickCount
 .text.xTaskIncrementTick
                0x00009f10      0x150 ./freertos/tasks.o
                0x00009f10                xTaskIncrementTick
 .text.vTaskSwitchContext
                0x0000a060       0xa4 ./freertos/tasks.o
                0x0000a060                vTaskSwitchContext
 .text.vTaskPlaceOnEventList
                0x0000a104       0x40 ./freertos/tasks.o
                0x0000a104                vTaskPlaceOnEventList
 .text.vTaskPlaceOnUnorderedEventList
                0x0000a144       0x60 ./freertos/tasks.o
                0x0000a144                vTaskPlaceOnUnorderedEventList
 .text.vTaskPlaceOnEventListRestricted
                0x0000a1a4       0x50 ./freertos/tasks.o
                0x0000a1a4                vTaskPlaceOnEventListRestricted
 .text.xTaskRemoveFromEventList
                0x0000a1f4       0xbc ./freertos/tasks.o
                0x0000a1f4                xTaskRemoveFromEventList
 .text.xTaskRemoveFromUnorderedEventList
                0x0000a2b0       0xb4 ./freertos/tasks.o
                0x0000a2b0                xTaskRemoveFromUnorderedEventList
 .text.vTaskSetTimeOutState
                0x0000a364       0x34 ./freertos/tasks.o
                0x0000a364                vTaskSetTimeOutState
 .text.xTaskCheckForTimeOut
                0x0000a398       0xa0 ./freertos/tasks.o
                0x0000a398                xTaskCheckForTimeOut
 .text.vTaskMissedYield
                0x0000a438       0x14 ./freertos/tasks.o
                0x0000a438                vTaskMissedYield
 .text.prvIdleTask
                0x0000a44c       0x20 ./freertos/tasks.o
 .text.prvInitialiseTaskLists
                0x0000a46c       0x88 ./freertos/tasks.o
 .text.prvCheckTasksWaitingTermination
                0x0000a4f4       0x78 ./freertos/tasks.o
 .text.prvResetNextTaskUnblockTime
                0x0000a56c       0x48 ./freertos/tasks.o
 .text.xTaskGetCurrentTaskHandle
                0x0000a5b4       0x1c ./freertos/tasks.o
                0x0000a5b4                xTaskGetCurrentTaskHandle
 .text.xTaskGetSchedulerState
                0x0000a5d0       0x38 ./freertos/tasks.o
                0x0000a5d0                xTaskGetSchedulerState
 .text.vTaskPriorityInherit
                0x0000a608       0xbc ./freertos/tasks.o
                0x0000a608                vTaskPriorityInherit
 .text.xTaskPriorityDisinherit
                0x0000a6c4       0xbc ./freertos/tasks.o
                0x0000a6c4                xTaskPriorityDisinherit
 .text.uxTaskResetEventItemValue
                0x0000a780       0x2c ./freertos/tasks.o
                0x0000a780                uxTaskResetEventItemValue
 .text.pvTaskIncrementMutexHeldCount
                0x0000a7ac       0x24 ./freertos/tasks.o
                0x0000a7ac                pvTaskIncrementMutexHeldCount
 .text.prvAddCurrentTaskToDelayedList
                0x0000a7d0       0xa8 ./freertos/tasks.o
 .text.xTimerCreateTimerTask
                0x0000a878       0x54 ./freertos/timers.o
                0x0000a878                xTimerCreateTimerTask
 .text.xTimerGenericCommand
                0x0000a8cc       0x98 ./freertos/timers.o
                0x0000a8cc                xTimerGenericCommand
 .text.prvProcessExpiredTimer
                0x0000a964       0x74 ./freertos/timers.o
 .text.prvProcessTimerOrBlockTask
                0x0000a9d8       0x8c ./freertos/timers.o
 .text.prvGetNextExpireTime
                0x0000aa64       0x40 ./freertos/timers.o
 .text.prvSampleTimeNow
                0x0000aaa4       0x40 ./freertos/timers.o
 .text.prvInsertTimerInActiveList
                0x0000aae4       0x84 ./freertos/timers.o
 .text.prvProcessReceivedCommands
                0x0000ab68      0x134 ./freertos/timers.o
 .text.prvSwitchTimerLists
                0x0000ac9c       0xb8 ./freertos/timers.o
 .text.prvCheckForValidListAndQueue
                0x0000ad54       0x74 ./freertos/timers.o
 .text.xTimerPendFunctionCallFromISR
                0x0000adc8       0x4c ./freertos/timers.o
                0x0000adc8                xTimerPendFunctionCallFromISR
 .text.XCVR_Init
                0x0000ae14      0x128 ./framework/XCVR/MKW41Z4/fsl_xcvr.o
                0x0000ae14                XCVR_Init
 .text.XCVR_GetDefaultConfig
                0x0000af3c      0x174 ./framework/XCVR/MKW41Z4/fsl_xcvr.o
                0x0000af3c                XCVR_GetDefaultConfig
 .text.XCVR_Configure
                0x0000b0b0      0x98c ./framework/XCVR/MKW41Z4/fsl_xcvr.o
                0x0000b0b0                XCVR_Configure
 .text.XcvrPanic
                0x0000ba3c       0x40 ./framework/XCVR/MKW41Z4/fsl_xcvr.o
                0x0000ba3c                XcvrPanic
 .text.XCVR_SetXtalTrim
                0x0000ba7c       0x64 ./framework/XCVR/MKW41Z4/fsl_xcvr.o
                0x0000ba7c                XCVR_SetXtalTrim
 .text.XCVR_OverrideChannel
                0x0000bae0      0x140 ./framework/XCVR/MKW41Z4/fsl_xcvr.o
                0x0000bae0                XCVR_OverrideChannel
 .text.XCVR_ForceRxWu
                0x0000bc20       0x1c ./framework/XCVR/MKW41Z4/fsl_xcvr.o
                0x0000bc20                XCVR_ForceRxWu
 .text.XCVR_ForceRxWd
                0x0000bc3c       0x1c ./framework/XCVR/MKW41Z4/fsl_xcvr.o
                0x0000bc3c                XCVR_ForceRxWd
 .text.calc_dcoc_dac_step
                0x0000bc58       0x88 ./framework/XCVR/MKW41Z4/fsl_xcvr_trim.o
                0x0000bc58                calc_dcoc_dac_step
 .text.rx_dc_est_average
                0x0000bce0      0x1a0 ./framework/XCVR/MKW41Z4/fsl_xcvr_trim.o
                0x0000bce0                rx_dc_est_average
 .text.rx_bba_dcoc_dac_trim_DCest
                0x0000be80      0x7bc ./framework/XCVR/MKW41Z4/fsl_xcvr_trim.o
                0x0000be80                rx_bba_dcoc_dac_trim_DCest
 .text.DCOC_DAC_INIT_Cal
                0x0000c63c      0x5b0 ./framework/XCVR/MKW41Z4/fsl_xcvr_trim.o
                0x0000c63c                DCOC_DAC_INIT_Cal
 .text.read_first_ifr_word
                0x0000cbec       0x20 ./framework/XCVR/MKW41Z4/ifr_radio.o
                0x0000cbec                read_first_ifr_word
 .text.read_another_ifr_word
                0x0000cc0c       0x2c ./framework/XCVR/MKW41Z4/ifr_radio.o
                0x0000cc0c                read_another_ifr_word
 .text.read_resource_ifr
                0x0000cc38       0xd4 ./framework/XCVR/MKW41Z4/ifr_radio.o
                0x0000cc38                read_resource_ifr
 .text.handle_ifr
                0x0000cd0c      0x184 ./framework/XCVR/MKW41Z4/ifr_radio.o
                0x0000cd0c                handle_ifr
 .text.NVIC_EnableIRQ
                0x0000ce90       0x2c ./framework/TimersManager/Source/TMR_Adapter.o
 .text.NVIC_ClearPendingIRQ
                0x0000cebc       0x30 ./framework/TimersManager/Source/TMR_Adapter.o
 .text.NVIC_SetPriority
                0x0000ceec       0xdc ./framework/TimersManager/Source/TMR_Adapter.o
 .text.StackTimer_Init
                0x0000cfc8       0x98 ./framework/TimersManager/Source/TMR_Adapter.o
                0x0000cfc8                StackTimer_Init
 .text.StackTimer_Enable
                0x0000d060       0x1c ./framework/TimersManager/Source/TMR_Adapter.o
                0x0000d060                StackTimer_Enable
 .text.StackTimer_Disable
                0x0000d07c       0x18 ./framework/TimersManager/Source/TMR_Adapter.o
                0x0000d07c                StackTimer_Disable
 .text.StackTimer_GetCounterValue
                0x0000d094       0x14 ./framework/TimersManager/Source/TMR_Adapter.o
                0x0000d094                StackTimer_GetCounterValue
 .text.StackTimer_SetOffsetTicks
                0x0000d0a8       0x24 ./framework/TimersManager/Source/TMR_Adapter.o
                0x0000d0a8                StackTimer_SetOffsetTicks
 .text.StackTimer_ClearIntFlag
                0x0000d0cc       0x30 ./framework/TimersManager/Source/TMR_Adapter.o
                0x0000d0cc                StackTimer_ClearIntFlag
 .text.TMR_GetTimerStatus
                0x0000d0fc       0x28 ./framework/TimersManager/Source/TimersManager.o
 .text.TMR_SetTimerStatus
                0x0000d124       0x44 ./framework/TimersManager/Source/TimersManager.o
 .text.TMR_GetTimerType
                0x0000d168       0x28 ./framework/TimersManager/Source/TimersManager.o
 .text.TMR_SetTimerType
                0x0000d190       0x44 ./framework/TimersManager/Source/TimersManager.o
 .text.TmrTicksFromMilliseconds
                0x0000d1d4       0x48 ./framework/TimersManager/Source/TimersManager.o
                0x0000d1d4                TmrTicksFromMilliseconds
 .text.TMR_Init
                0x0000d21c       0x80 ./framework/TimersManager/Source/TimersManager.o
                0x0000d21c                TMR_Init
 .text.TMR_NotifyClkChanged
                0x0000d29c       0x44 ./framework/TimersManager/Source/TimersManager.o
                0x0000d29c                TMR_NotifyClkChanged
 .text.TMR_AllocateTimer
                0x0000d2e0       0x50 ./framework/TimersManager/Source/TimersManager.o
                0x0000d2e0                TMR_AllocateTimer
 .text.StackTimer_ISR
                0x0000d330       0x24 ./framework/TimersManager/Source/TimersManager.o
 .text.TMR_StartTimer
                0x0000d354       0xe8 ./framework/TimersManager/Source/TimersManager.o
                0x0000d354                TMR_StartTimer
 .text.TMR_StopTimer
                0x0000d43c       0xe8 ./framework/TimersManager/Source/TimersManager.o
                0x0000d43c                TMR_StopTimer
 .text.TMR_Task
                0x0000d524      0x4fc ./framework/TimersManager/Source/TimersManager.o
                0x0000d524                TMR_Task
 .text.TMR_EnableTimer
                0x0000da20       0x84 ./framework/TimersManager/Source/TimersManager.o
                0x0000da20                TMR_EnableTimer
 .text.TMR_PITGetTimestamp
                0x0000daa4      0x1a4 ./framework/TimersManager/Source/TimersManager.o
                0x0000daa4                TMR_PITGetTimestamp
 .text.NVIC_EnableIRQ
                0x0000dc48       0x2c ./framework/SerialManager/Source/UART_Adapter/UART_Adapter.o
 .text.NVIC_SetPriority
                0x0000dc74       0xdc ./framework/SerialManager/Source/UART_Adapter/UART_Adapter.o
 .text.LPUART_Initialize
                0x0000dd50       0xe8 ./framework/SerialManager/Source/UART_Adapter/UART_Adapter.o
                0x0000dd50                LPUART_Initialize
 .text.LPUART_SetBaudrate
                0x0000de38       0x44 ./framework/SerialManager/Source/UART_Adapter/UART_Adapter.o
                0x0000de38                LPUART_SetBaudrate
 .text.LPUART_SendData
                0x0000de7c       0xc0 ./framework/SerialManager/Source/UART_Adapter/UART_Adapter.o
                0x0000de7c                LPUART_SendData
 .text.LPUART_InstallRxCalback
                0x0000df3c       0x44 ./framework/SerialManager/Source/UART_Adapter/UART_Adapter.o
                0x0000df3c                LPUART_InstallRxCalback
 .text.LPUART_InstallTxCalback
                0x0000df80       0x44 ./framework/SerialManager/Source/UART_Adapter/UART_Adapter.o
                0x0000df80                LPUART_InstallTxCalback
 .text.LPUART_IsTxActive
                0x0000dfc4       0x58 ./framework/SerialManager/Source/UART_Adapter/UART_Adapter.o
                0x0000dfc4                LPUART_IsTxActive
 .text.LPUART_ISR
                0x0000e01c      0x17c ./framework/SerialManager/Source/UART_Adapter/UART_Adapter.o
 .text.SerialManager_Init
                0x0000e198       0x80 ./framework/SerialManager/Source/SerialManager.o
                0x0000e198                SerialManager_Init
 .text.SerialManagerTask
                0x0000e218      0x1c4 ./framework/SerialManager/Source/SerialManager.o
                0x0000e218                SerialManagerTask
 .text.Serial_InitInterface
                0x0000e3dc      0x190 ./framework/SerialManager/Source/SerialManager.o
                0x0000e3dc                Serial_InitInterface
 .text.Serial_AsyncWrite
                0x0000e56c      0x1bc ./framework/SerialManager/Source/SerialManager.o
                0x0000e56c                Serial_AsyncWrite
 .text.Serial_SyncWrite
                0x0000e728       0xdc ./framework/SerialManager/Source/SerialManager.o
                0x0000e728                Serial_SyncWrite
 .text.Serial_Read
                0x0000e804      0x124 ./framework/SerialManager/Source/SerialManager.o
                0x0000e804                Serial_Read
 .text.Serial_RxBufferByteCount
                0x0000e928      0x10c ./framework/SerialManager/Source/SerialManager.o
                0x0000e928                Serial_RxBufferByteCount
 .text.Serial_SetRxCallBack
                0x0000ea34       0x78 ./framework/SerialManager/Source/SerialManager.o
                0x0000ea34                Serial_SetRxCallBack
 .text.Serial_SetBaudRate
                0x0000eaac       0x94 ./framework/SerialManager/Source/SerialManager.o
                0x0000eaac                Serial_SetBaudRate
 .text.Serial_WriteInternal
                0x0000eb40      0x12c ./framework/SerialManager/Source/SerialManager.o
 .text.SerialManager_RxNotify
                0x0000ec6c       0xc8 ./framework/SerialManager/Source/SerialManager.o
                0x0000ec6c                SerialManager_RxNotify
 .text.SerialManager_TxNotify
                0x0000ed34      0x100 ./framework/SerialManager/Source/SerialManager.o
                0x0000ed34                SerialManager_TxNotify
 .text.Serial_TxQueueMaintenance
                0x0000ee34      0x15c ./framework/SerialManager/Source/SerialManager.o
 .text.Serial_UartRxCb
                0x0000ef90       0x5c ./framework/SerialManager/Source/SerialManager.o
 .text.SecLib_Init
                0x0000efec       0x3c ./framework/SecLib/SecLib.o
                0x0000efec                SecLib_Init
 .text.AES_128_CCM
                0x0000f028       0xf4 ./framework/SecLib/SecLib.o
                0x0000f028                AES_128_CCM
 .text.NVIC_EnableIRQ
                0x0000f11c       0x2c ./framework/RNG/Source/RNG.o
 .text.RNG_Init
                0x0000f148       0xe4 ./framework/RNG/Source/RNG.o
                0x0000f148                RNG_Init
 .text.TRNG_ISR
                0x0000f22c       0x40 ./framework/RNG/Source/RNG.o
 .text.OSA_SemaphorePost
                0x0000f26c       0x9c ./framework/OSAbstraction/Source/fsl_os_abstraction_free_rtos.o
                0x0000f26c                OSA_SemaphorePost
 .text.OSA_EventCreate
                0x0000f308       0x70 ./framework/OSAbstraction/Source/fsl_os_abstraction_free_rtos.o
                0x0000f308                OSA_EventCreate
 .text.OSA_EventSet
                0x0000f378       0xa0 ./framework/OSAbstraction/Source/fsl_os_abstraction_free_rtos.o
                0x0000f378                OSA_EventSet
 .text.OSA_EventWait
                0x0000f418       0xa4 ./framework/OSAbstraction/Source/fsl_os_abstraction_free_rtos.o
                0x0000f418                OSA_EventWait
 .text.OSA_InterruptEnable
                0x0000f4bc       0x4c ./framework/OSAbstraction/Source/fsl_os_abstraction_free_rtos.o
                0x0000f4bc                OSA_InterruptEnable
 .text.OSA_InterruptDisable
                0x0000f508       0x4c ./framework/OSAbstraction/Source/fsl_os_abstraction_free_rtos.o
                0x0000f508                OSA_InterruptDisable
 .text.main     0x0000f554       0x24 ./framework/OSAbstraction/Source/fsl_os_abstraction_free_rtos.o
                0x0000f554                main
 .text.__NvAtomicSave
                0x0000f578       0xec ./framework/NVM/Source/NV_Flash.o
 .text.__NvSyncSave
                0x0000f664      0x130 ./framework/NVM/Source/NV_Flash.o
 .text.__NvIdle
                0x0000f794      0x1d4 ./framework/NVM/Source/NV_Flash.o
 .text.__NvTimerTick
                0x0000f968      0x190 ./framework/NVM/Source/NV_Flash.o
 .text.__NvSaveOnIdle
                0x0000faf8       0x7c ./framework/NVM/Source/NV_Flash.o
 .text.__NvModuleInit
                0x0000fb74      0x144 ./framework/NVM/Source/NV_Flash.o
 .text.InitNVMConfig
                0x0000fcb8       0xc8 ./framework/NVM/Source/NV_Flash.o
 .text.NvEraseVirtualPage
                0x0000fd80       0x78 ./framework/NVM/Source/NV_Flash.o
 .text.NvInitStorageSystem
                0x0000fdf8      0x1e4 ./framework/NVM/Source/NV_Flash.o
 .text.NvVirtualPageBlankCheck
                0x0000ffdc       0x5c ./framework/NVM/Source/NV_Flash.o
 .text.NvUpdateLastMetaInfoAddress
                0x00010038      0x11c ./framework/NVM/Source/NV_Flash.o
 .text.NvGetMetaInfo
                0x00010154       0x64 ./framework/NVM/Source/NV_Flash.o
 .text.NvGetPageFreeSpace
                0x000101b8       0xe0 ./framework/NVM/Source/NV_Flash.o
 .text.NvIsMemoryAreaAvailable
                0x00010298       0xa8 ./framework/NVM/Source/NV_Flash.o
 .text.NvIsRecordCopied
                0x00010340      0x124 ./framework/NVM/Source/NV_Flash.o
 .text.NvInternalCopy
                0x00010464      0x3a4 ./framework/NVM/Source/NV_Flash.o
 .text.NvCopyPage
                0x00010808      0x27c ./framework/NVM/Source/NV_Flash.o
 .text.NvInternalFormat
                0x00010a84       0x88 ./framework/NVM/Source/NV_Flash.o
 .text.NvSaveRamTable
                0x00010b0c       0xb4 ./framework/NVM/Source/NV_Flash.o
 .text.UpgradeLegacyTable
                0x00010bc0      0x34c ./framework/NVM/Source/NV_Flash.o
 .text.NvGetEntryFromDataPtr
                0x00010f0c       0xfc ./framework/NVM/Source/NV_Flash.o
 .text.NvWriteRecord
                0x00011008      0x4e0 ./framework/NVM/Source/NV_Flash.o
 .text.NvGetTableEntryIndexFromId
                0x000114e8       0x78 ./framework/NVM/Source/NV_Flash.o
 .text.NvProcessFirstSaveInQueue
                0x00011560       0xc0 ./framework/NVM/Source/NV_Flash.o
 .text.NvAddSaveRequestToQueue
                0x00011620      0x200 ./framework/NVM/Source/NV_Flash.o
 .text.NvModuleInit
                0x00011820       0x4c ./framework/NVM/Source/NV_Flash.o
                0x00011820                NvModuleInit
 .text.NvSaveOnIdle
                0x0001186c       0x50 ./framework/NVM/Source/NV_Flash.o
                0x0001186c                NvSaveOnIdle
 .text.NvClearCriticalSection
                0x000118bc       0x30 ./framework/NVM/Source/NV_Flash.o
                0x000118bc                NvClearCriticalSection
 .text.NvIdle   0x000118ec       0x44 ./framework/NVM/Source/NV_Flash.o
                0x000118ec                NvIdle
 .text.NvGetNvIdleTaskId
                0x00011930       0x14 ./framework/NVM/Source/NV_Flash.o
                0x00011930                NvGetNvIdleTaskId
 .text.MEM_Init
                0x00011944       0xc4 ./framework/MemManager/Source/MemManager.o
                0x00011944                MEM_Init
 .text.MEM_BufferAllocWithId
                0x00011a08       0xb8 ./framework/MemManager/Source/MemManager.o
                0x00011a08                MEM_BufferAllocWithId
 .text.MEM_BufferFree
                0x00011ac0       0xb0 ./framework/MemManager/Source/MemManager.o
                0x00011ac0                MEM_BufferFree
 .text.PWR_AllowDeviceToSleep
                0x00011b70       0x2c ./framework/LowPower/Source/MKW41Z/PWR.o
                0x00011b70                PWR_AllowDeviceToSleep
 .text.PWR_DisallowDeviceToSleep
                0x00011b9c       0x38 ./framework/LowPower/Source/MKW41Z/PWR.o
                0x00011b9c                PWR_DisallowDeviceToSleep
 .text.PWR_AllowXcvrToSleep
                0x00011bd4       0x2c ./framework/LowPower/Source/MKW41Z/PWR.o
                0x00011bd4                PWR_AllowXcvrToSleep
 .text.PWR_DisallowXcvrToSleep
                0x00011c00       0x38 ./framework/LowPower/Source/MKW41Z/PWR.o
                0x00011c00                PWR_DisallowXcvrToSleep
 .text.PWR_RegisterLowPowerEnterCallback
                0x00011c38       0x1c ./framework/LowPower/Source/MKW41Z/PWR.o
                0x00011c38                PWR_RegisterLowPowerEnterCallback
 .text.PWR_RegisterLowPowerExitCallback
                0x00011c54       0x1c ./framework/LowPower/Source/MKW41Z/PWR.o
                0x00011c54                PWR_RegisterLowPowerExitCallback
 .text.LED_Init
                0x00011c70       0x2c ./framework/LED/Source/LED.o
                0x00011c70                LED_Init
 .text.LED_Operate
                0x00011c9c       0x8c ./framework/LED/Source/LED.o
                0x00011c9c                LED_Operate
 .text.LED_StartBlip
                0x00011d28       0x64 ./framework/LED/Source/LED.o
                0x00011d28                LED_StartBlip
 .text.LED_StopFlash
                0x00011d8c       0x4c ./framework/LED/Source/LED.o
                0x00011d8c                LED_StopFlash
 .text.LED_SetLed
                0x00011dd8       0xb8 ./framework/LED/Source/LED.o
                0x00011dd8                LED_SetLed
 .text.LED_StartFlashWithPeriod
                0x00011e90       0x58 ./framework/LED/Source/LED.o
                0x00011e90                LED_StartFlashWithPeriod
 .text.LED_StartSerialFlashWithPeriod
                0x00011ee8       0x74 ./framework/LED/Source/LED.o
                0x00011ee8                LED_StartSerialFlashWithPeriod
 .text.LED_StopSerialFlash
                0x00011f5c       0x44 ./framework/LED/Source/LED.o
                0x00011f5c                LED_StopSerialFlash
 .text.LED_DecrementBlip
                0x00011fa0       0x8c ./framework/LED/Source/LED.o
 .text.LED_FlashTimeout
                0x0001202c       0x74 ./framework/LED/Source/LED.o
 .text.KbGpioInit
                0x000120a0       0x58 ./framework/Keyboard/Source/Keyboard.o
 .text.KBD_KeySwitchPortGet
                0x000120f8       0x7c ./framework/Keyboard/Source/Keyboard.o
 .text.KBD_KeyCheck
                0x00012174       0xa0 ./framework/Keyboard/Source/Keyboard.o
 .text.KeyScan  0x00012214      0x154 ./framework/Keyboard/Source/Keyboard.o
 .text.Switch_CheckIRQ
                0x00012368       0x50 ./framework/Keyboard/Source/Keyboard.o
 .text.KBD_Init
                0x000123b8       0xdc ./framework/Keyboard/Source/Keyboard.o
                0x000123b8                KBD_Init
 .text.Switch_Press_ISR
                0x00012494       0x70 ./framework/Keyboard/Source/Keyboard.o
                0x00012494                Switch_Press_ISR
 .text.NVIC_EnableIRQ
                0x00012504       0x2c ./framework/GPIO/GPIO_Adapter.o
 .text.NVIC_ClearPendingIRQ
                0x00012530       0x30 ./framework/GPIO/GPIO_Adapter.o
 .text.NVIC_SetPriority
                0x00012560       0xdc ./framework/GPIO/GPIO_Adapter.o
 .text.NVIC_GetPriority
                0x0001263c       0x7c ./framework/GPIO/GPIO_Adapter.o
 .text.PORT_SetPinConfig
                0x000126b8       0x38 ./framework/GPIO/GPIO_Adapter.o
 .text.PORT_SetPinMux
                0x000126f0       0x40 ./framework/GPIO/GPIO_Adapter.o
 .text.PORT_SetPinInterruptConfig
                0x00012730       0x40 ./framework/GPIO/GPIO_Adapter.o
 .text.GpioGetPinPCR
                0x00012770       0x34 ./framework/GPIO/GPIO_Adapter.o
                0x00012770                GpioGetPinPCR
 .text.GpioSetPinPCR_ISF_Preserved
                0x000127a4       0x40 ./framework/GPIO/GPIO_Adapter.o
                0x000127a4                GpioSetPinPCR_ISF_Preserved
 .text.GpioSetPinMux
                0x000127e4       0x44 ./framework/GPIO/GPIO_Adapter.o
                0x000127e4                GpioSetPinMux
 .text.GpioSetPinMux_ISF_Preserved
                0x00012828       0x64 ./framework/GPIO/GPIO_Adapter.o
                0x00012828                GpioSetPinMux_ISF_Preserved
 .text.GpioClearPinIntFlag
                0x0001288c       0x34 ./framework/GPIO/GPIO_Adapter.o
                0x0001288c                GpioClearPinIntFlag
 .text.GpioIsPinIntPending
                0x000128c0       0x38 ./framework/GPIO/GPIO_Adapter.o
                0x000128c0                GpioIsPinIntPending
 .text.GpioSetPinOutput
                0x000128f8       0x34 ./framework/GPIO/GPIO_Adapter.o
                0x000128f8                GpioSetPinOutput
 .text.GpioClearPinOutput
                0x0001292c       0x34 ./framework/GPIO/GPIO_Adapter.o
                0x0001292c                GpioClearPinOutput
 .text.GpioTogglePinOutput
                0x00012960       0x34 ./framework/GPIO/GPIO_Adapter.o
                0x00012960                GpioTogglePinOutput
 .text.GpioReadPinInput
                0x00012994       0x30 ./framework/GPIO/GPIO_Adapter.o
                0x00012994                GpioReadPinInput
 .text.GpioInputPinInit
                0x000129c4      0x104 ./framework/GPIO/GPIO_Adapter.o
                0x000129c4                GpioInputPinInit
 .text.GpioOutputPinInit
                0x00012ac8      0x100 ./framework/GPIO/GPIO_Adapter.o
                0x00012ac8                GpioOutputPinInit
 .text.GpioInstallIsr
                0x00012bc8      0x2c4 ./framework/GPIO/GPIO_Adapter.o
                0x00012bc8                GpioInstallIsr
 .text.Gpio_CommonIsr
                0x00012e8c       0xb0 ./framework/GPIO/GPIO_Adapter.o
 .text.Gpio_InstallPortISR
                0x00012f3c       0x60 ./framework/GPIO/GPIO_Adapter.o
 .text.NV_Flash_WaitForCSEndAndDisableInterrupts
                0x00012f9c       0x88 ./framework/Flash/Internal/Flash_Adapter.o
 .text.NV_FlashProgramAdaptation
                0x00013024       0x74 ./framework/Flash/Internal/Flash_Adapter.o
 .text.NV_ComputeCrcOverHWParameters
                0x00013098       0xd0 ./framework/Flash/Internal/Flash_Adapter.o
 .text.NV_Init  0x00013168       0x50 ./framework/Flash/Internal/Flash_Adapter.o
                0x00013168                NV_Init
 .text.NV_Flash_ClearCriticalSection
                0x000131b8       0x78 ./framework/Flash/Internal/Flash_Adapter.o
                0x000131b8                NV_Flash_ClearCriticalSection
 .text.NV_FlashVerifyErase
                0x00013230       0x38 ./framework/Flash/Internal/Flash_Adapter.o
                0x00013230                NV_FlashVerifyErase
 .text.NV_FlashEraseSector
                0x00013268       0x34 ./framework/Flash/Internal/Flash_Adapter.o
                0x00013268                NV_FlashEraseSector
 .text.NV_ReadHWParameters
                0x0001329c       0x68 ./framework/Flash/Internal/Flash_Adapter.o
                0x0001329c                NV_ReadHWParameters
 .text.CLOCK_EnableClock
                0x00013304       0x34 ./framework/DCDC/Source/DCDC.o
 .text.ADC16_GetChannelConversionValue
                0x00013338       0x30 ./framework/DCDC/Source/DCDC.o
 .text.DCDC_MakeADCConversion
                0x00013368       0x44 ./framework/DCDC/Source/DCDC.o
 .text.DCDC_AdjustVbatDiv
                0x000133ac       0x68 ./framework/DCDC/Source/DCDC.o
 .text.DCDC_Get1P8VOutputTargetAndVBatInmV
                0x00013414       0xf4 ./framework/DCDC/Source/DCDC.o
 .text.DCDC_mVTo1P8OutputTargetBoost
                0x00013508      0x168 ./framework/DCDC/Source/DCDC.o
 .text.DCDC_mVTo1P8OutputTargetBuck
                0x00013670       0xe4 ./framework/DCDC/Source/DCDC.o
 .text.DCDC_mVToMcuVOutputTargetBoost
                0x00013754       0x8c ./framework/DCDC/Source/DCDC.o
                0x00013754                DCDC_mVToMcuVOutputTargetBoost
 .text.DCDC_GetOutputTargetsBoost
                0x000137e0       0xcc ./framework/DCDC/Source/DCDC.o
 .text.DCDC_GetOutputTargetsBuck
                0x000138ac       0x88 ./framework/DCDC/Source/DCDC.o
 .text.DCDC_VBatMonitorBoost
                0x00013934      0x1b8 ./framework/DCDC/Source/DCDC.o
 .text.DCDC_VBatMonitorBuck
                0x00013aec      0x1bc ./framework/DCDC/Source/DCDC.o
 .text.DCDC_Init
                0x00013ca8      0x218 ./framework/DCDC/Source/DCDC.o
                0x00013ca8                DCDC_Init
 .text.DCDC_PrepareForPulsedMode
                0x00013ec0       0x68 ./framework/DCDC/Source/DCDC.o
                0x00013ec0                DCDC_PrepareForPulsedMode
 .text.DCDC_PrepareForContinuousMode
                0x00013f28       0x6c ./framework/DCDC/Source/DCDC.o
                0x00013f28                DCDC_PrepareForContinuousMode
 .text.CLOCK_EnableClock
                0x00013f94       0x34 ./drivers/fsl_adc16.o
 .text.ADC16_GetInstance
                0x00013fc8       0x48 ./drivers/fsl_adc16.o
 .text.ADC16_Init
                0x00014010      0x114 ./drivers/fsl_adc16.o
                0x00014010                ADC16_Init
 .text.ADC16_SetChannelConfig
                0x00014124       0x6c ./drivers/fsl_adc16.o
                0x00014124                ADC16_SetChannelConfig
 .text.ADC16_GetChannelStatusFlags
                0x00014190       0x40 ./drivers/fsl_adc16.o
                0x00014190                ADC16_GetChannelStatusFlags
 .text.CLOCK_SetEr32kClock
                0x000141d0       0x34 ./drivers/fsl_clock.o
 .text.CLOCK_GetMcgExtClkFreq
                0x00014204       0x70 ./drivers/fsl_clock.o
 .text.CLOCK_GetFllExtRefClkFreq
                0x00014274       0xbc ./drivers/fsl_clock.o
 .text.CLOCK_GetInternalRefClkSelectFreq
                0x00014330       0x40 ./drivers/fsl_clock.o
 .text.CLOCK_GetFllRefClkFreq
                0x00014370       0x2c ./drivers/fsl_clock.o
 .text.CLOCK_GetOscRangeFromFreq
                0x0001439c       0x4c ./drivers/fsl_clock.o
 .text.CLOCK_GetOsc0ErClkFreq
                0x000143e8       0x28 ./drivers/fsl_clock.o
                0x000143e8                CLOCK_GetOsc0ErClkFreq
 .text.CLOCK_GetBusClkFreq
                0x00014410       0x50 ./drivers/fsl_clock.o
                0x00014410                CLOCK_GetBusClkFreq
 .text.CLOCK_SetSimConfig
                0x00014460       0x2c ./drivers/fsl_clock.o
                0x00014460                CLOCK_SetSimConfig
 .text.CLOCK_GetOutClkFreq
                0x0001448c       0x60 ./drivers/fsl_clock.o
                0x0001448c                CLOCK_GetOutClkFreq
 .text.CLOCK_GetFllFreq
                0x000144ec       0x78 ./drivers/fsl_clock.o
                0x000144ec                CLOCK_GetFllFreq
 .text.CLOCK_GetInternalRefClkFreq
                0x00014564       0x28 ./drivers/fsl_clock.o
                0x00014564                CLOCK_GetInternalRefClkFreq
 .text.CLOCK_SetExternalRefClkConfig
                0x0001458c       0x80 ./drivers/fsl_clock.o
                0x0001458c                CLOCK_SetExternalRefClkConfig
 .text.CLOCK_SetInternalRefClkConfig
                0x0001460c      0x124 ./drivers/fsl_clock.o
                0x0001460c                CLOCK_SetInternalRefClkConfig
 .text.CLOCK_InitOsc0
                0x00014730       0x68 ./drivers/fsl_clock.o
                0x00014730                CLOCK_InitOsc0
 .text.CLOCK_SetFeeMode
                0x00014798      0x138 ./drivers/fsl_clock.o
                0x00014798                CLOCK_SetFeeMode
 .text.__assertion_failed
                0x000148d0       0x1c ./drivers/fsl_common.o
                0x000148d0                __assertion_failed
 .text.InstallIRQHandler
                0x000148ec       0x98 ./drivers/fsl_common.o
                0x000148ec                InstallIRQHandler
 .text.DSPI_CommonIRQHandler
                0x00014984       0x40 ./drivers/fsl_dspi.o
 .text.SPI0_DriverIRQHandler
                0x000149c4       0x34 ./drivers/fsl_dspi.o
                0x000149c4                SPI0_DriverIRQHandler
 .text.SPI1_DriverIRQHandler
                0x000149f8       0x34 ./drivers/fsl_dspi.o
                0x000149f8                SPI1_DriverIRQHandler
 .text.FLASH_Init
                0x00014a2c       0xe8 ./drivers/fsl_flash.o
                0x00014a2c                FLASH_Init
 .text.FLASH_Erase
                0x00014b14       0xf4 ./drivers/fsl_flash.o
                0x00014b14                FLASH_Erase
 .text.FLASH_Program
                0x00014c08      0x100 ./drivers/fsl_flash.o
                0x00014c08                FLASH_Program
 .text.FLASH_VerifyErase
                0x00014d08      0x10c ./drivers/fsl_flash.o
                0x00014d08                FLASH_VerifyErase
 .text.copy_flash_run_command
                0x00014e14       0x30 ./drivers/fsl_flash.o
 .text.flash_command_sequence
                0x00014e44       0x78 ./drivers/fsl_flash.o
 .text.copy_flash_common_bit_operation
                0x00014ebc       0x3c ./drivers/fsl_flash.o
 .text.mcm_flash_cache_clear
                0x00014ef8       0x2c ./drivers/fsl_flash.o
                0x00014ef8                mcm_flash_cache_clear
 .text.flash_check_user_key
                0x00014f24       0x24 ./drivers/fsl_flash.o
 .text.GPIO_PinInit
                0x00014f48       0x64 ./drivers/fsl_gpio.o
                0x00014f48                GPIO_PinInit
 .text.I2C_TransferCommonIRQHandler
                0x00014fac       0x58 ./drivers/fsl_i2c.o
 .text.I2C0_DriverIRQHandler
                0x00015004       0x20 ./drivers/fsl_i2c.o
                0x00015004                I2C0_DriverIRQHandler
 .text.I2C1_DriverIRQHandler
                0x00015024       0x20 ./drivers/fsl_i2c.o
                0x00015024                I2C1_DriverIRQHandler
 .text.CLOCK_EnableClock
                0x00015044       0x34 ./drivers/fsl_lpuart.o
 .text.LPUART_GetInstance
                0x00015078       0x48 ./drivers/fsl_lpuart.o
                0x00015078                LPUART_GetInstance
 .text.LPUART_Init
                0x000150c0      0x284 ./drivers/fsl_lpuart.o
                0x000150c0                LPUART_Init
 .text.LPUART_GetDefaultConfig
                0x00015344       0x50 ./drivers/fsl_lpuart.o
                0x00015344                LPUART_GetDefaultConfig
 .text.LPUART_SetBaudRate
                0x00015394      0x188 ./drivers/fsl_lpuart.o
                0x00015394                LPUART_SetBaudRate
 .text.LPUART_GetEnabledInterrupts
                0x0001551c       0x30 ./drivers/fsl_lpuart.o
                0x0001551c                LPUART_GetEnabledInterrupts
 .text.LPUART_ClearStatusFlags
                0x0001554c       0x88 ./drivers/fsl_lpuart.o
                0x0001554c                LPUART_ClearStatusFlags
 .text.LPUART0_DriverIRQHandler
                0x000155d4       0x24 ./drivers/fsl_lpuart.o
                0x000155d4                LPUART0_DriverIRQHandler
 .text.CLOCK_EnableClock
                0x000155f8       0x34 ./drivers/fsl_ltc.o
 .text.ltc_clear_all
                0x0001562c       0x20 ./drivers/fsl_ltc.o
                0x0001562c                ltc_clear_all
 .text.ltc_symmetric_alg_state
                0x0001564c       0x74 ./drivers/fsl_ltc.o
 .text.LTC_Init
                0x000156c0       0x1c ./drivers/fsl_ltc.o
                0x000156c0                LTC_Init
 .text.ltc_aes_ccm_process_aad
                0x000156dc      0x1b4 ./drivers/fsl_ltc.o
 .text.ltc_aes_ccm_process
                0x00015890      0x160 ./drivers/fsl_ltc.o
 .text.CLOCK_EnableClock
                0x000159f0       0x34 ./drivers/fsl_tpm.o
 .text.TPM_GetInstance
                0x00015a24       0x54 ./drivers/fsl_tpm.o
 .text.TPM_Init
                0x00015a78       0xec ./drivers/fsl_tpm.o
                0x00015a78                TPM_Init
 .text.TPM_SetupOutputCompare
                0x00015b64      0x130 ./drivers/fsl_tpm.o
                0x00015b64                TPM_SetupOutputCompare
 .text.CLOCK_EnableClock
                0x00015c94       0x34 ./drivers/fsl_trng.o
 .text.trng_GetInstance
                0x00015cc8       0x48 ./drivers/fsl_trng.o
 .text.TRNG_GetDefaultConfig
                0x00015d10       0xe0 ./drivers/fsl_trng.o
                0x00015d10                TRNG_GetDefaultConfig
 .text.trng_SetRetryCount
                0x00015df0       0x50 ./drivers/fsl_trng.o
 .text.trng_SetStatisticalCheckLimit
                0x00015e40      0x320 ./drivers/fsl_trng.o
 .text.trng_ApplyUserConfig
                0x00016160      0x1c4 ./drivers/fsl_trng.o
 .text.TRNG_Init
                0x00016324       0xb8 ./drivers/fsl_trng.o
                0x00016324                TRNG_Init
 .text.CLOCK_EnableClock
                0x000163dc       0x34 ./board/board.o
 .text.hardware_init
                0x00016410      0x160 ./board/board.o
                0x00016410                hardware_init
 .text.NMI_Handler
                0x00016570       0x20 ./board/board.o
                0x00016570                NMI_Handler
 .text.BOARD_DCDCInit
                0x00016590       0x18 ./board/board.o
                0x00016590                BOARD_DCDCInit
 .text.BOARD_InstallLowPowerCallbacks
                0x000165a8       0x24 ./board/board.o
                0x000165a8                BOARD_InstallLowPowerCallbacks
 .text.BOARD_SetPinsLowPower
                0x000165cc       0xb8 ./board/board.o
                0x000165cc                BOARD_SetPinsLowPower
 .text.BOARD_EnterLowPowerCb
                0x00016684       0x2c ./board/board.o
                0x00016684                BOARD_EnterLowPowerCb
 .text.BOARD_GetLpuartClock
                0x000166b0       0x68 ./board/board.o
                0x000166b0                BOARD_GetLpuartClock
 .text.BOARD_GetTpmClock
                0x00016718       0x68 ./board/board.o
                0x00016718                BOARD_GetTpmClock
 .text.CLOCK_EnableClock
                0x00016780       0x34 ./board/clock_config.o
 .text.CLOCK_DisableClock
                0x000167b4       0x38 ./board/clock_config.o
 .text.CLOCK_SetLpuartClock
                0x000167ec       0x38 ./board/clock_config.o
 .text.CLOCK_SetTpmClock
                0x00016824       0x38 ./board/clock_config.o
 .text.CLOCK_SetSimSafeDivs
                0x0001685c       0x1c ./board/clock_config.o
 .text.CLOCK_SetXtal0Freq
                0x00016878       0x1c ./board/clock_config.o
 .text.CLOCK_SetXtal32Freq
                0x00016894       0x1c ./board/clock_config.o
 .text.RTC_SetOscCapLoad
                0x000168b0       0x34 ./board/clock_config.o
 .text.CLOCK_CONFIG_FllStableDelay
                0x000168e4       0x28 ./board/clock_config.o
 .text.CLOCK_CONFIG_SetRtcClock
                0x0001690c       0x4c ./board/clock_config.o
 .text.CLOCK_CONFIG_EnableRtcOsc
                0x00016958       0x50 ./board/clock_config.o
 .text.BOARD_RfOscInit
                0x000169a8       0xc8 ./board/clock_config.o
                0x000169a8                BOARD_RfOscInit
 .text.BOARD_InitOsc0
                0x00016a70       0x30 ./board/clock_config.o
                0x00016a70                BOARD_InitOsc0
 .text.BOARD_BootClockRUN
                0x00016aa0       0x6c ./board/clock_config.o
                0x00016aa0                BOARD_BootClockRUN
 .text.CLOCK_EnableClock
                0x00016b0c       0x34 ./board/pin_mux.o
 .text.PORT_SetPinMux
                0x00016b40       0x40 ./board/pin_mux.o
 .text.BOARD_InitButtons
                0x00016b80       0x34 ./board/pin_mux.o
                0x00016b80                BOARD_InitButtons
 .text.BOARD_InitLEDs
                0x00016bb4       0x78 ./board/pin_mux.o
                0x00016bb4                BOARD_InitLEDs
 .text.BOARD_InitLPUART
                0x00016c2c       0x4c ./board/pin_mux.o
                0x00016c2c                BOARD_InitLPUART
 .text.SystemInit
                0x00016c78       0x18 ./CMSIS/system_MKW41Z4.o
                0x00016c78                SystemInit
 .text.roundf   0x00016c90       0x48 C:/nxp/MCUXpressoIDE_11.10.0_3148/ide/plugins/com.nxp.mcuxpresso.tools.win32_11.10.0.202311280810/tools/bin/../lib/gcc/arm-none-eabi/13.2.1/thumb/v6-m/nofp\libm.a(libm_a-sf_round.o)
                0x00016c90                roundf
 .text.exit     0x00016cd8       0x20 C:/nxp/MCUXpressoIDE_11.10.0_3148/ide/plugins/com.nxp.mcuxpresso.tools.win32_11.10.0.202311280810/tools/bin/../lib/gcc/arm-none-eabi/13.2.1/thumb/v6-m/nofp\libc.a(libc_a-exit.o)
                0x00016cd8                exit
 .text.memset   0x00016cf8       0xa8 C:/nxp/MCUXpressoIDE_11.10.0_3148/ide/plugins/com.nxp.mcuxpresso.tools.win32_11.10.0.202311280810/tools/bin/../lib/gcc/arm-none-eabi/13.2.1/thumb/v6-m/nofp\libc.a(libc_a-memset.o)
                0x00016cf8                memset
 .text.__libc_init_array
                0x00016da0       0x48 C:/nxp/MCUXpressoIDE_11.10.0_3148/ide/plugins/com.nxp.mcuxpresso.tools.win32_11.10.0.202311280810/tools/bin/../lib/gcc/arm-none-eabi/13.2.1/thumb/v6-m/nofp\libc.a(libc_a-init.o)
                0x00016da0                __libc_init_array
 .text.__retarget_lock_acquire_recursive
                0x00016de8        0x4 C:/nxp/MCUXpressoIDE_11.10.0_3148/ide/plugins/com.nxp.mcuxpresso.tools.win32_11.10.0.202311280810/tools/bin/../lib/gcc/arm-none-eabi/13.2.1/thumb/v6-m/nofp\libc.a(libc_a-lock.o)
                0x00016de8                __retarget_lock_acquire_recursive
 .text.__retarget_lock_release_recursive
                0x00016dec        0x4 C:/nxp/MCUXpressoIDE_11.10.0_3148/ide/plugins/com.nxp.mcuxpresso.tools.win32_11.10.0.202311280810/tools/bin/../lib/gcc/arm-none-eabi/13.2.1/thumb/v6-m/nofp\libc.a(libc_a-lock.o)
                0x00016dec                __retarget_lock_release_recursive
 .text.memcpy   0x00016df0       0x8c C:/nxp/MCUXpressoIDE_11.10.0_3148/ide/plugins/com.nxp.mcuxpresso.tools.win32_11.10.0.202311280810/tools/bin/../lib/gcc/arm-none-eabi/13.2.1/thumb/v6-m/nofp\libc.a(libc_a-memcpy-stub.o)
                0x00016df0                memcpy
 .text.strlen   0x00016e7c       0x5c C:/nxp/MCUXpressoIDE_11.10.0_3148/ide/plugins/com.nxp.mcuxpresso.tools.win32_11.10.0.202311280810/tools/bin/../lib/gcc/arm-none-eabi/13.2.1/thumb/v6-m/nofp\libc.a(libc_a-strlen-stub.o)
                0x00016e7c                strlen
 .text.startup.register_fini
                0x00016ed8       0x18 C:/nxp/MCUXpressoIDE_11.10.0_3148/ide/plugins/com.nxp.mcuxpresso.tools.win32_11.10.0.202311280810/tools/bin/../lib/gcc/arm-none-eabi/13.2.1/thumb/v6-m/nofp\libc.a(libc_a-__call_atexit.o)
 .text.__call_exitprocs
                0x00016ef0       0xe8 C:/nxp/MCUXpressoIDE_11.10.0_3148/ide/plugins/com.nxp.mcuxpresso.tools.win32_11.10.0.202311280810/tools/bin/../lib/gcc/arm-none-eabi/13.2.1/thumb/v6-m/nofp\libc.a(libc_a-__call_atexit.o)
                0x00016ef0                __call_exitprocs
 .text.atexit   0x00016fd8       0x10 C:/nxp/MCUXpressoIDE_11.10.0_3148/ide/plugins/com.nxp.mcuxpresso.tools.win32_11.10.0.202311280810/tools/bin/../lib/gcc/arm-none-eabi/13.2.1/thumb/v6-m/nofp\libc.a(libc_a-atexit.o)
                0x00016fd8                atexit
 .text.__libc_fini_array
                0x00016fe8       0x28 C:/nxp/MCUXpressoIDE_11.10.0_3148/ide/plugins/com.nxp.mcuxpresso.tools.win32_11.10.0.202311280810/tools/bin/../lib/gcc/arm-none-eabi/13.2.1/thumb/v6-m/nofp\libc.a(libc_a-fini.o)
                0x00016fe8                __libc_fini_array
 .text.__register_exitproc
                0x00017010       0xa8 C:/nxp/MCUXpressoIDE_11.10.0_3148/ide/plugins/com.nxp.mcuxpresso.tools.win32_11.10.0.202311280810/tools/bin/../lib/gcc/arm-none-eabi/13.2.1/thumb/v6-m/nofp\libc.a(libc_a-__atexit.o)
                0x00017010                __register_exitproc
 .text.__muldi3
                0x000170b8       0x5c C:/nxp/MCUXpressoIDE_11.10.0_3148/ide/plugins/com.nxp.mcuxpresso.tools.win32_11.10.0.202311280810/tools/bin/../lib/gcc/arm-none-eabi/13.2.1/thumb/v6-m/nofp\libgcc.a(_muldi3.o)
                0x000170b8                __muldi3
                0x000170b8                __aeabi_lmul
 .text.__fixunssfsi
                0x00017114       0x30 C:/nxp/MCUXpressoIDE_11.10.0_3148/ide/plugins/com.nxp.mcuxpresso.tools.win32_11.10.0.202311280810/tools/bin/../lib/gcc/arm-none-eabi/13.2.1/thumb/v6-m/nofp\libgcc.a(_fixunssfsi.o)
                0x00017114                __fixunssfsi
                0x00017114                __aeabi_f2uiz
 .text.__udivmoddi4
                0x00017144      0x198 C:/nxp/MCUXpressoIDE_11.10.0_3148/ide/plugins/com.nxp.mcuxpresso.tools.win32_11.10.0.202311280810/tools/bin/../lib/gcc/arm-none-eabi/13.2.1/thumb/v6-m/nofp\libgcc.a(_udivmoddi4.o)
                0x00017144                __udivmoddi4
 .text.__aeabi_fadd
                0x000172dc      0x340 C:/nxp/MCUXpressoIDE_11.10.0_3148/ide/plugins/com.nxp.mcuxpresso.tools.win32_11.10.0.202311280810/tools/bin/../lib/gcc/arm-none-eabi/13.2.1/thumb/v6-m/nofp\libgcc.a(addsf3.o)
                0x000172dc                __aeabi_fadd
 .text.__aeabi_fdiv
                0x0001761c      0x224 C:/nxp/MCUXpressoIDE_11.10.0_3148/ide/plugins/com.nxp.mcuxpresso.tools.win32_11.10.0.202311280810/tools/bin/../lib/gcc/arm-none-eabi/13.2.1/thumb/v6-m/nofp\libgcc.a(divsf3.o)
                0x0001761c                __aeabi_fdiv
 .text.__eqsf2  0x00017840       0x50 C:/nxp/MCUXpressoIDE_11.10.0_3148/ide/plugins/com.nxp.mcuxpresso.tools.win32_11.10.0.202311280810/tools/bin/../lib/gcc/arm-none-eabi/13.2.1/thumb/v6-m/nofp\libgcc.a(eqsf2.o)
                0x00017840                __eqsf2
                0x00017840                __nesf2
 .text.__gesf2  0x00017890       0x94 C:/nxp/MCUXpressoIDE_11.10.0_3148/ide/plugins/com.nxp.mcuxpresso.tools.win32_11.10.0.202311280810/tools/bin/../lib/gcc/arm-none-eabi/13.2.1/thumb/v6-m/nofp\libgcc.a(gesf2.o)
                0x00017890                __gesf2
                0x00017890                __gtsf2
 .text.__lesf2  0x00017924       0x90 C:/nxp/MCUXpressoIDE_11.10.0_3148/ide/plugins/com.nxp.mcuxpresso.tools.win32_11.10.0.202311280810/tools/bin/../lib/gcc/arm-none-eabi/13.2.1/thumb/v6-m/nofp\libgcc.a(lesf2.o)
                0x00017924                __ltsf2
                0x00017924                __lesf2
 .text.__aeabi_fmul
                0x000179b4      0x280 C:/nxp/MCUXpressoIDE_11.10.0_3148/ide/plugins/com.nxp.mcuxpresso.tools.win32_11.10.0.202311280810/tools/bin/../lib/gcc/arm-none-eabi/13.2.1/thumb/v6-m/nofp\libgcc.a(mulsf3.o)
                0x000179b4                __aeabi_fmul
 .text.__aeabi_fsub
                0x00017c34      0x38c C:/nxp/MCUXpressoIDE_11.10.0_3148/ide/plugins/com.nxp.mcuxpresso.tools.win32_11.10.0.202311280810/tools/bin/../lib/gcc/arm-none-eabi/13.2.1/thumb/v6-m/nofp\libgcc.a(subsf3.o)
                0x00017c34                __aeabi_fsub
 .text.__aeabi_f2iz
                0x00017fc0       0x40 C:/nxp/MCUXpressoIDE_11.10.0_3148/ide/plugins/com.nxp.mcuxpresso.tools.win32_11.10.0.202311280810/tools/bin/../lib/gcc/arm-none-eabi/13.2.1/thumb/v6-m/nofp\libgcc.a(fixsfsi.o)
                0x00017fc0                __aeabi_f2iz
 .text.__aeabi_i2f
                0x00018000       0x94 C:/nxp/MCUXpressoIDE_11.10.0_3148/ide/plugins/com.nxp.mcuxpresso.tools.win32_11.10.0.202311280810/tools/bin/../lib/gcc/arm-none-eabi/13.2.1/thumb/v6-m/nofp\libgcc.a(floatsisf.o)
                0x00018000                __aeabi_i2f
 .text.__aeabi_ui2f
                0x00018094       0x80 C:/nxp/MCUXpressoIDE_11.10.0_3148/ide/plugins/com.nxp.mcuxpresso.tools.win32_11.10.0.202311280810/tools/bin/../lib/gcc/arm-none-eabi/13.2.1/thumb/v6-m/nofp\libgcc.a(floatunsisf.o)
                0x00018094                __aeabi_ui2f