22:43:54 **** Incremental Build of configuration Debug for project frdmkw41z_wireless_examples_ieee_802_15_4_mwa_end_device_freertos ****
make -r -j8 all 
make[1]: Nothing to be done for 'main-build'.
Performing post-build steps
arm-none-eabi-size "frdmkw41z_wireless_examples_ieee_802_15_4_mwa_end_device_freertos.axf"; # arm-none-eabi-objcopy -v -O binary "frdmkw41z_wireless_examples_ieee_802_15_4_mwa_end_device_freertos.axf" "frdmkw41z_wireless_examples_ieee_802_15_4_mwa_end_device_freertos.bin" ; # checksum -p MKW41Z512xxx4 -d "frdmkw41z_wireless_examples_ieee_802_15_4_mwa_end_device_freertos.bin";
   text	   data	    bss	    dec	    hex	filename
 120752	   8655	  19312	 148719	  244ef	frdmkw41z_wireless_examples_ieee_802_15_4_mwa_end_device_freertos.axf
 
22:43:57 **** Incremental Build of configuration Debug for project frdmkw41z_wireless_examples_ieee_802_15_4_mwa_end_device_freertos ****
make -r -j8 all 
make[1]: Nothing to be done for 'main-build'.
Performing post-build steps
arm-none-eabi-size "frdmkw41z_wireless_examples_ieee_802_15_4_mwa_end_device_freertos.axf"; # arm-none-eabi-objcopy -v -O binary "frdmkw41z_wireless_examples_ieee_802_15_4_mwa_end_device_freertos.axf" "frdmkw41z_wireless_examples_ieee_802_15_4_mwa_end_device_freertos.bin" ; # checksum -p MKW41Z512xxx4 -d "frdmkw41z_wireless_examples_ieee_802_15_4_mwa_end_device_freertos.bin";
   text	   data	    bss	    dec	    hex	filename
 120752	   8655	  19312	 148719	  244ef	frdmkw41z_wireless_examples_ieee_802_15_4_mwa_end_device_freertos.axf
 
